Archive member included to satisfy reference by file (symbol)

/usr/lib/gcc/arm-none-eabi/5.4.1/armv7e-m/libgcc.a(_arm_addsubdf3.o)
                              ./src/stats.o (__aeabi_f2d)
/usr/lib/gcc/arm-none-eabi/5.4.1/armv7e-m/libgcc.a(_arm_addsubsf3.o)
                              ./src/system_msp432p401r.o (__aeabi_fsub)
/usr/lib/gcc/arm-none-eabi/5.4.1/armv7e-m/libgcc.a(_arm_muldivsf3.o)
                              ./src/system_msp432p401r.o (__aeabi_fmul)
/usr/lib/gcc/arm-none-eabi/5.4.1/armv7e-m/libgcc.a(_arm_fixunssfsi.o)
                              ./src/system_msp432p401r.o (__aeabi_f2uiz)
/usr/lib/gcc/arm-none-eabi/5.4.1/../../../arm-none-eabi/lib/armv7e-m/libc.a(lib_a-atexit.o)
                              /usr/lib/gcc/arm-none-eabi/5.4.1/../../../arm-none-eabi/lib/armv7e-m/crt0.o (atexit)
/usr/lib/gcc/arm-none-eabi/5.4.1/../../../arm-none-eabi/lib/armv7e-m/libc.a(lib_a-exit.o)
                              /usr/lib/gcc/arm-none-eabi/5.4.1/../../../arm-none-eabi/lib/armv7e-m/crt0.o (exit)
/usr/lib/gcc/arm-none-eabi/5.4.1/../../../arm-none-eabi/lib/armv7e-m/libc.a(lib_a-fini.o)
                              /usr/lib/gcc/arm-none-eabi/5.4.1/../../../arm-none-eabi/lib/armv7e-m/crt0.o (__libc_fini_array)
/usr/lib/gcc/arm-none-eabi/5.4.1/../../../arm-none-eabi/lib/armv7e-m/libc.a(lib_a-impure.o)
                              /usr/lib/gcc/arm-none-eabi/5.4.1/../../../arm-none-eabi/lib/armv7e-m/libc.a(lib_a-exit.o) (_global_impure_ptr)
/usr/lib/gcc/arm-none-eabi/5.4.1/../../../arm-none-eabi/lib/armv7e-m/libc.a(lib_a-init.o)
                              /usr/lib/gcc/arm-none-eabi/5.4.1/../../../arm-none-eabi/lib/armv7e-m/crt0.o (__libc_init_array)
/usr/lib/gcc/arm-none-eabi/5.4.1/../../../arm-none-eabi/lib/armv7e-m/libc.a(lib_a-malloc.o)
                              ./src/memory.o (malloc)
/usr/lib/gcc/arm-none-eabi/5.4.1/../../../arm-none-eabi/lib/armv7e-m/libc.a(lib_a-mallocr.o)
                              /usr/lib/gcc/arm-none-eabi/5.4.1/../../../arm-none-eabi/lib/armv7e-m/libc.a(lib_a-malloc.o) (_malloc_r)
/usr/lib/gcc/arm-none-eabi/5.4.1/../../../arm-none-eabi/lib/armv7e-m/libc.a(lib_a-memcpy.o)
                              ./src/stats.o (memcpy)
/usr/lib/gcc/arm-none-eabi/5.4.1/../../../arm-none-eabi/lib/armv7e-m/libc.a(lib_a-memset.o)
                              /usr/lib/gcc/arm-none-eabi/5.4.1/../../../arm-none-eabi/lib/armv7e-m/crt0.o (memset)
/usr/lib/gcc/arm-none-eabi/5.4.1/../../../arm-none-eabi/lib/armv7e-m/libc.a(lib_a-mlock.o)
                              /usr/lib/gcc/arm-none-eabi/5.4.1/../../../arm-none-eabi/lib/armv7e-m/libc.a(lib_a-mallocr.o) (__malloc_lock)
/usr/lib/gcc/arm-none-eabi/5.4.1/../../../arm-none-eabi/lib/armv7e-m/libc.a(lib_a-printf.o)
                              ./src/stats.o (printf)
/usr/lib/gcc/arm-none-eabi/5.4.1/../../../arm-none-eabi/lib/armv7e-m/libc.a(lib_a-puts.o)
                              ./src/stats.o (puts)
/usr/lib/gcc/arm-none-eabi/5.4.1/../../../arm-none-eabi/lib/armv7e-m/libc.a(lib_a-qsort.o)
                              ./src/stats.o (qsort)
/usr/lib/gcc/arm-none-eabi/5.4.1/../../../arm-none-eabi/lib/armv7e-m/libc.a(lib_a-sbrkr.o)
                              /usr/lib/gcc/arm-none-eabi/5.4.1/../../../arm-none-eabi/lib/armv7e-m/libc.a(lib_a-mallocr.o) (_sbrk_r)
/usr/lib/gcc/arm-none-eabi/5.4.1/../../../arm-none-eabi/lib/armv7e-m/libc.a(lib_a-strlen.o)
                              /usr/lib/gcc/arm-none-eabi/5.4.1/../../../arm-none-eabi/lib/armv7e-m/libc.a(lib_a-puts.o) (strlen)
/usr/lib/gcc/arm-none-eabi/5.4.1/../../../arm-none-eabi/lib/armv7e-m/libc.a(lib_a-vfprintf.o)
                              /usr/lib/gcc/arm-none-eabi/5.4.1/../../../arm-none-eabi/lib/armv7e-m/libc.a(lib_a-printf.o) (_vfprintf_r)
/usr/lib/gcc/arm-none-eabi/5.4.1/../../../arm-none-eabi/lib/armv7e-m/libc.a(lib_a-wsetup.o)
                              /usr/lib/gcc/arm-none-eabi/5.4.1/../../../arm-none-eabi/lib/armv7e-m/libc.a(lib_a-vfprintf.o) (__swsetup_r)
/usr/lib/gcc/arm-none-eabi/5.4.1/../../../arm-none-eabi/lib/armv7e-m/libc.a(lib_a-__atexit.o)
                              /usr/lib/gcc/arm-none-eabi/5.4.1/../../../arm-none-eabi/lib/armv7e-m/libc.a(lib_a-atexit.o) (__register_exitproc)
/usr/lib/gcc/arm-none-eabi/5.4.1/../../../arm-none-eabi/lib/armv7e-m/libc.a(lib_a-__call_atexit.o)
                              /usr/lib/gcc/arm-none-eabi/5.4.1/../../../arm-none-eabi/lib/armv7e-m/libc.a(lib_a-exit.o) (__call_exitprocs)
/usr/lib/gcc/arm-none-eabi/5.4.1/../../../arm-none-eabi/lib/armv7e-m/libc.a(lib_a-dtoa.o)
                              /usr/lib/gcc/arm-none-eabi/5.4.1/../../../arm-none-eabi/lib/armv7e-m/libc.a(lib_a-vfprintf.o) (_dtoa_r)
/usr/lib/gcc/arm-none-eabi/5.4.1/../../../arm-none-eabi/lib/armv7e-m/libc.a(lib_a-fflush.o)
                              /usr/lib/gcc/arm-none-eabi/5.4.1/../../../arm-none-eabi/lib/armv7e-m/libc.a(lib_a-vfprintf.o) (_fflush_r)
/usr/lib/gcc/arm-none-eabi/5.4.1/../../../arm-none-eabi/lib/armv7e-m/libc.a(lib_a-findfp.o)
[...]
Memory Configuration

Name             Origin             Length             Attributes
MAIN_FLASH       0x0000000000000000 0x0000000000040000 xr
INFO_FLASH       0x0000000000200000 0x0000000000004000 xr
SRAM_CODE        0x0000000001000000 0x0000000000010000 xrw
SRAM_DATA        0x0000000020000000 0x0000000000010000 rw
*default*        0x0000000000000000 0xffffffffffffffff

Linker script and memory map

LOAD /usr/lib/gcc/arm-none-eabi/5.4.1/armv7e-m/crti.o
LOAD /usr/lib/gcc/arm-none-eabi/5.4.1/armv7e-m/crtbegin.o
LOAD /usr/lib/gcc/arm-none-eabi/5.4.1/../../../arm-none-eabi/lib/armv7e-m/crt0.o
LOAD ./src/course1.o
LOAD ./src/data.o
LOAD ./src/interrupts_msp432p401r_gcc.o
LOAD ./src/main.o
LOAD ./src/memory.o
LOAD ./src/startup_msp432p401r_gcc.o
LOAD ./src/stats.o
LOAD ./src/system_msp432p401r.o
START GROUP
LOAD /usr/lib/gcc/arm-none-eabi/5.4.1/armv7e-m/libgcc.a
LOAD /usr/lib/gcc/arm-none-eabi/5.4.1/../../../arm-none-eabi/lib/armv7e-m/libc.a
END GROUP
START GROUP
LOAD /usr/lib/gcc/arm-none-eabi/5.4.1/armv7e-m/libgcc.a
LOAD /usr/lib/gcc/arm-none-eabi/5.4.1/../../../arm-none-eabi/lib/armv7e-m/libc.a
LOAD /usr/lib/gcc/arm-none-eabi/5.4.1/../../../arm-none-eabi/lib/armv7e-m/libnosys.a
END GROUP
LOAD /usr/lib/gcc/arm-none-eabi/5.4.1/armv7e-m/crtend.o
LOAD /usr/lib/gcc/arm-none-eabi/5.4.1/armv7e-m/crtn.o
                0x0000000000000000                PROVIDE (_intvecs_base_address, DEFINED (_intvecs_base_address)?_intvecs_base_address:0x0)

.intvecs        0x0000000000000000      0x140
 *(.intvecs)
 .intvecs       0x0000000000000000      0x140 ./src/startup_msp432p401r_gcc.o
                0x0000000000000000                interruptVectors
                0x0000000000200000                PROVIDE (_mailbox_base_address, 0x200000)

.flashMailbox
 *(.flashMailbox)
                0x0000000000201000                PROVIDE (_tlv_base_address, 0x201000)

.tlvTable
 *(.tlvTable)
                0x0000000000202000                PROVIDE (_bsl_base_address, 0x202000)

.bslArea
 *(.bslArea)
                0x0000000020000000                PROVIDE (_vtable_base_address, DEFINED (_vtable_base_address)?_vtable_base_address:0x20000000)

.vtable
 *(.vtable)

.text           0x0000000000000140     0x8c7c
 CREATE_OBJECT_SYMBOLS
 *(.text)
 .text          0x0000000000000140        0x0 /usr/lib/gcc/arm-none-eabi/5.4.1/armv7e-m/crti.o
 .text          0x0000000000000140       0xa4 /usr/lib/gcc/arm-none-eabi/5.4.1/armv7e-m/crtbegin.o
 .text          0x00000000000001e4       0x68 /usr/lib/gcc/arm-none-eabi/5.4.1/../../../arm-none-eabi/lib/armv7e-m/crt0.o
                0x00000000000001e4                _mainCRTStartup
                0x00000000000001e4                _start
 .text          0x000000000000024c      0x4f4 ./src/course1.o
                0x000000000000024c                test_data1
                0x00000000000002a8                test_data2
                0x0000000000000304                test_memmove1
                0x0000000000000398                test_memmove2
                0x000000000000042c                test_memmove3
                0x00000000000004c4                test_memcopy
                0x0000000000000558                test_memset
                0x000000000000060c                test_reverse
                0x00000000000006c4                course1
 .text          0x0000000000000740      0x154 ./src/data.o
                0x0000000000000740                my_itoa
                0x0000000000000820                my_atoi
 .text          0x0000000000000894        0x0 ./src/interrupts_msp432p401r_gcc.o
 .text          0x0000000000000894       0x10 ./src/main.o
                0x0000000000000894                main
 .text          0x00000000000008a4      0x278 ./src/memory.o
                0x00000000000008a4                set_value
                0x00000000000008c8                clear_value
                0x00000000000008e4                get_value
                0x0000000000000900                set_all
                0x0000000000000938                clear_all
                0x0000000000000954                my_memmove
                0x00000000000009d4                my_memcopy
                0x0000000000000a14                my_memset
                0x0000000000000a50                my_memzero
                0x0000000000000a88                my_reverse
                0x0000000000000ae4                reserve_words
                0x0000000000000b04                free_words
 .text          0x0000000000000b1c        0x0 ./src/startup_msp432p401r_gcc.o
 .text          0x0000000000000b1c      0x368 ./src/stats.o
                0x0000000000000b1c                main2
                0x0000000000000bf4                print_array
                0x0000000000000c24                cmpfunc
                0x0000000000000c44                sort_array
                0x0000000000000ca8                find_median
                0x0000000000000d24                find_mean
                0x0000000000000d84                find_maximum
                0x0000000000000dd0                find_minimum
                0x0000000000000e1c                print_statistics
 .text          0x0000000000000e84      0x37c ./src/system_msp432p401r.o
                0x0000000000000e84                SystemCoreClockUpdate
                0x0000000000001198                SystemInit
 .text          0x0000000000001200      0x370 /usr/lib/gcc/arm-none-eabi/5.4.1/armv7e-m/libgcc.a(_arm_addsubdf3.o)
                0x0000000000001200                __aeabi_drsub
                0x0000000000001208                __aeabi_dsub
                0x0000000000001208                __subdf3
                0x000000000000120c                __adddf3
                0x000000000000120c                __aeabi_dadd
                0x0000000000001484                __aeabi_ui2d
                0x0000000000001484                __floatunsidf
                0x00000000000014a4                __floatsidf
                0x00000000000014a4                __aeabi_i2d
                0x00000000000014c8                __extendsfdf2
                0x00000000000014c8                __aeabi_f2d
                0x0000000000001504                __aeabi_ul2d
                0x0000000000001504                __floatundidf
                0x0000000000001514                __floatdidf
                0x0000000000001514                __aeabi_l2d
 .text          0x0000000000001570      0x21c /usr/lib/gcc/arm-none-eabi/5.4.1/armv7e-m/libgcc.a(_arm_addsubsf3.o)
                0x0000000000001570                __aeabi_frsub
                0x0000000000001578                __subsf3
                0x0000000000001578                __aeabi_fsub
                0x000000000000157c                __aeabi_fadd
                0x000000000000157c                __addsf3
                0x00000000000016dc                __aeabi_ui2f
                0x00000000000016dc                __floatunsisf
                0x00000000000016e4                __aeabi_i2f
                0x00000000000016e4                __floatsisf
                0x0000000000001700                __floatundisf
                0x0000000000001700                __aeabi_ul2f
                0x0000000000001710                __floatdisf
                0x0000000000001710                __aeabi_l2f
 .text          0x000000000000178c      0x2a0 /usr/lib/gcc/arm-none-eabi/5.4.1/armv7e-m/libgcc.a(_arm_muldivsf3.o)
                0x000000000000178c                __mulsf3
                0x000000000000178c                __aeabi_fmul
                0x00000000000018f4                __divsf3
                0x00000000000018f4                __aeabi_fdiv
 .text          0x0000000000001a2c       0x40 /usr/lib/gcc/arm-none-eabi/5.4.1/armv7e-m/libgcc.a(_arm_fixunssfsi.o)
                0x0000000000001a2c                __aeabi_f2uiz
                0x0000000000001a2c                __fixunssfsi
 .text          0x0000000000001a6c        0xc /usr/lib/gcc/arm-none-eabi/5.4.1/../../../arm-none-eabi/lib/armv7e-m/libc.a(lib_a-atexit.o)
                0x0000000000001a6c                atexit
 .text          0x0000000000001a78       0x20 /usr/lib/gcc/arm-none-eabi/5.4.1/../../../arm-none-eabi/lib/armv7e-m/libc.a(lib_a-exit.o)
                0x0000000000001a78                exit
 .text          0x0000000000001a98       0x28 /usr/lib/gcc/arm-none-eabi/5.4.1/../../../arm-none-eabi/lib/armv7e-m/libc.a(lib_a-fini.o)
                0x0000000000001a98                __libc_fini_array
 .text          0x0000000000001ac0        0x0 /usr/lib/gcc/arm-none-eabi/5.4.1/../../../arm-none-eabi/lib/armv7e-m/libc.a(lib_a-impure.o)
 .text          0x0000000000001ac0       0x50 /usr/lib/gcc/arm-none-eabi/5.4.1/../../../arm-none-eabi/lib/armv7e-m/libc.a(lib_a-init.o)
                0x0000000000001ac0                __libc_init_array
 .text          0x0000000000001b10       0x20 /usr/lib/gcc/arm-none-eabi/5.4.1/../../../arm-none-eabi/lib/armv7e-m/libc.a(lib_a-malloc.o)
                0x0000000000001b10                malloc
                0x0000000000001b20                free
 .text          0x0000000000001b30      0x56c /usr/lib/gcc/arm-none-eabi/5.4.1/../../../arm-none-eabi/lib/armv7e-m/libc.a(lib_a-mallocr.o)
                0x0000000000001b30                _malloc_r
 .text          0x000000000000209c      0x134 /usr/lib/gcc/arm-none-eabi/5.4.1/../../../arm-none-eabi/lib/armv7e-m/libc.a(lib_a-memcpy.o)
                0x000000000000209c                memcpy
 .text          0x00000000000021d0       0x9c /usr/lib/gcc/arm-none-eabi/5.4.1/../../../arm-none-eabi/lib/armv7e-m/libc.a(lib_a-memset.o)
                0x00000000000021d0                memset
 .text          0x000000000000226c        0x8 /usr/lib/gcc/arm-none-eabi/5.4.1/../../../arm-none-eabi/lib/armv7e-m/libc.a(lib_a-mlock.o)
                0x000000000000226c                __malloc_lock
                0x0000000000002270                __malloc_unlock
 .text          0x0000000000002274       0x48 /usr/lib/gcc/arm-none-eabi/5.4.1/../../../arm-none-eabi/lib/armv7e-m/libc.a(lib_a-printf.o)
                0x0000000000002274                _printf_r
                0x0000000000002294                printf
 .text          0x00000000000022bc       0x78 /usr/lib/gcc/arm-none-eabi/5.4.1/../../../arm-none-eabi/lib/armv7e-m/libc.a(lib_a-puts.o)
                0x00000000000022bc                _puts_r
                0x0000000000002324                puts
 .text          0x0000000000002334      0x58c /usr/lib/gcc/arm-none-eabi/5.4.1/../../../arm-none-eabi/lib/armv7e-m/libc.a(lib_a-qsort.o)
                0x0000000000002334                qsort
 .text          0x00000000000028c0       0x24 /usr/lib/gcc/arm-none-eabi/5.4.1/../../../arm-none-eabi/lib/armv7e-m/libc.a(lib_a-sbrkr.o)
                0x00000000000028c0                _sbrk_r
 *fill*         0x00000000000028e4       0x1c 
 .text          0x0000000000002900       0xdc /usr/lib/gcc/arm-none-eabi/5.4.1/../../../arm-none-eabi/lib/armv7e-m/libc.a(lib_a-strlen.o)
                0x0000000000002900                strlen
 .text          0x00000000000029dc     0x1784 /usr/lib/gcc/arm-none-eabi/5.4.1/../../../arm-none-eabi/lib/armv7e-m/libc.a(lib_a-vfprintf.o)
                0x00000000000029dc                _vfprintf_r
                0x00000000000040dc                vfprintf
 .text          0x0000000000004160       0xc8 /usr/lib/gcc/arm-none-eabi/5.4.1/../../../arm-none-eabi/lib/armv7e-m/libc.a(lib_a-wsetup.o)
                0x0000000000004160                __swsetup_r
 .text          0x0000000000004228       0xa4 /usr/lib/gcc/arm-none-eabi/5.4.1/../../../arm-none-eabi/lib/armv7e-m/libc.a(lib_a-__atexit.o)
                0x0000000000004228                __register_exitproc
 .text          0x00000000000042cc       0xd8 /usr/lib/gcc/arm-none-eabi/5.4.1/../../../arm-none-eabi/lib/armv7e-m/libc.a(lib_a-__call_atexit.o)
                0x00000000000042cc                __call_exitprocs
 *fill*         0x00000000000043a4        0x4 
 .text          0x00000000000043a8      0xf80 /usr/lib/gcc/arm-none-eabi/5.4.1/../../../arm-none-eabi/lib/armv7e-m/libc.a(lib_a-dtoa.o)
                0x00000000000044d0                _dtoa_r
 .text          0x0000000000005328      0x198 /usr/lib/gcc/arm-none-eabi/5.4.1/../../../arm-none-eabi/lib/armv7e-m/libc.a(lib_a-fflush.o)
                0x0000000000005328                __sflush_r
                0x0000000000005470                _fflush_r
                0x000000000000549c                fflush
 .text          0x00000000000054c0      0x210 /usr/lib/gcc/arm-none-eabi/5.4.1/../../../arm-none-eabi/lib/armv7e-m/libc.a(lib_a-findfp.o)
                0x00000000000054c4                _cleanup_r
                0x00000000000055c4                __sfmoreglue
                0x00000000000055f4                __sfp
                0x000000000000567c                _cleanup
                0x0000000000005690                __sinit
                0x0000000000005698                __sfp_lock_acquire
                0x000000000000569c                __sfp_lock_release
                0x00000000000056a0                __sinit_lock_acquire
                0x00000000000056a4                __sinit_lock_release
                0x00000000000056a8                __fp_lock_all
                0x00000000000056bc                __fp_unlock_all
 .text          0x00000000000056d0      0x26c /usr/lib/gcc/arm-none-eabi/5.4.1/../../../arm-none-eabi/lib/armv7e-m/libc.a(lib_a-freer.o)
                0x00000000000056d0                _malloc_trim_r
                0x000000000000576c                _free_r
 .text          0x000000000000593c      0x304 /usr/lib/gcc/arm-none-eabi/5.4.1/../../../arm-none-eabi/lib/armv7e-m/libc.a(lib_a-fvwrite.o)
                0x000000000000593c                __sfvwrite_r
 .text          0x0000000000005c40       0xa0 /usr/lib/gcc/arm-none-eabi/5.4.1/../../../arm-none-eabi/lib/armv7e-m/libc.a(lib_a-fwalk.o)
                0x0000000000005c40                _fwalk
                0x0000000000005c8c                _fwalk_reent
 .text          0x0000000000005ce0       0x80 /usr/lib/gcc/arm-none-eabi/5.4.1/../../../arm-none-eabi/lib/armv7e-m/libc.a(lib_a-locale.o)
                0x0000000000005ce0                _setlocale_r
                0x0000000000005d20                __locale_charset
                0x0000000000005d28                __locale_mb_cur_max
                0x0000000000005d34                __locale_msgcharset
                0x0000000000005d3c                __locale_cjk_lang
                0x0000000000005d40                _localeconv_r
                0x0000000000005d48                setlocale
                0x0000000000005d58                localeconv
 .text          0x0000000000005d60       0xe8 /usr/lib/gcc/arm-none-eabi/5.4.1/../../../arm-none-eabi/lib/armv7e-m/libc.a(lib_a-makebuf.o)
                0x0000000000005d60                __swhatbuf_r
                0x0000000000005dc0                __smakebuf_r
 *fill*         0x0000000000005e48        0x8 
 .text          0x0000000000005e50       0xa0 /usr/lib/gcc/arm-none-eabi/5.4.1/../../../arm-none-eabi/lib/armv7e-m/libc.a(lib_a-memchr.o)
                0x0000000000005e50                memchr
 .text          0x0000000000005ef0       0xc8 /usr/lib/gcc/arm-none-eabi/5.4.1/../../../arm-none-eabi/lib/armv7e-m/libc.a(lib_a-memmove.o)
                0x0000000000005ef0                memmove
 .text          0x0000000000005fb8      0x8f8 /usr/lib/gcc/arm-none-eabi/5.4.1/../../../arm-none-eabi/lib/armv7e-m/libc.a(lib_a-mprec.o)
                0x0000000000005fb8                _Balloc
                0x0000000000006004                _Bfree
                0x0000000000006018                __multadd
                0x0000000000006098                __s2b
                0x0000000000006130                __hi0bits
                0x0000000000006170                __lo0bits
                0x00000000000061cc                __i2b
                0x00000000000061e0                __multiply
                0x0000000000006310                __pow5mult
                0x00000000000063b0                __lshift
                0x0000000000006460                __mcmp
                0x00000000000064a0                __mdiff
                0x00000000000065b4                __ulp
                0x00000000000065f8                __b2d
                0x00000000000066cc                __d2b
                0x0000000000006784                __ratio
                0x00000000000067d8                _mprec_log10
                0x000000000000680c                __copybits
                0x0000000000006854                __any_on
 .text          0x00000000000068b0      0x3e0 /usr/lib/gcc/arm-none-eabi/5.4.1/../../../arm-none-eabi/lib/armv7e-m/libc.a(lib_a-reallocr.o)
                0x00000000000068b0                _realloc_r
 .text          0x0000000000006c90       0xa4 /usr/lib/gcc/arm-none-eabi/5.4.1/../../../arm-none-eabi/lib/armv7e-m/libc.a(lib_a-reent.o)
                0x0000000000006c90                cleanup_glue
                0x0000000000006cac                _reclaim_reent
 .text          0x0000000000006d34       0x8c /usr/lib/gcc/arm-none-eabi/5.4.1/../../../arm-none-eabi/lib/armv7e-m/libc.a(lib_a-stdio.o)
                0x0000000000006d34                __sread
                0x0000000000006d58                __seofread
                0x0000000000006d5c                __swrite
                0x0000000000006d98                __sseek
                0x0000000000006db8                __sclose
 .text          0x0000000000006dc0      0x2dc /usr/lib/gcc/arm-none-eabi/5.4.1/../../../arm-none-eabi/lib/armv7e-m/libc.a(lib_a-strcmp.o)
                0x0000000000006dc8                strcmp
 .text          0x000000000000709c      0xf08 /usr/lib/gcc/arm-none-eabi/5.4.1/../../../arm-none-eabi/lib/armv7e-m/libc.a(lib_a-vfiprintf.o)
                0x0000000000007114                __sprint_r
                0x0000000000007124                _vfiprintf_r
                0x0000000000007f20                vfiprintf
 .text          0x0000000000007fa4       0x2c /usr/lib/gcc/arm-none-eabi/5.4.1/../../../arm-none-eabi/lib/armv7e-m/libc.a(lib_a-writer.o)
                0x0000000000007fa4                _write_r
 .text          0x0000000000007fd0       0x60 /usr/lib/gcc/arm-none-eabi/5.4.1/../../../arm-none-eabi/lib/armv7e-m/libc.a(lib_a-callocr.o)
                0x0000000000007fd0                _calloc_r
 .text          0x0000000000008030       0x24 /usr/lib/gcc/arm-none-eabi/5.4.1/../../../arm-none-eabi/lib/armv7e-m/libc.a(lib_a-closer.o)
                0x0000000000008030                _close_r
 .text          0x0000000000008054       0x94 /usr/lib/gcc/arm-none-eabi/5.4.1/../../../arm-none-eabi/lib/armv7e-m/libc.a(lib_a-fclose.o)
                0x0000000000008054                _fclose_r
                0x00000000000080d8                fclose
 .text          0x00000000000080e8       0xfc /usr/lib/gcc/arm-none-eabi/5.4.1/../../../arm-none-eabi/lib/armv7e-m/libc.a(lib_a-fputwc.o)
                0x00000000000080e8                __fputwc
                0x0000000000008180                _fputwc_r
                0x00000000000081a4                fputwc
 .text          0x00000000000081e4       0x28 /usr/lib/gcc/arm-none-eabi/5.4.1/../../../arm-none-eabi/lib/armv7e-m/libc.a(lib_a-fstatr.o)
                0x00000000000081e4                _fstat_r
 .text          0x000000000000820c       0x24 /usr/lib/gcc/arm-none-eabi/5.4.1/../../../arm-none-eabi/lib/armv7e-m/libc.a(lib_a-isattyr.o)
                0x000000000000820c                _isatty_r
 .text          0x0000000000008230       0x2c /usr/lib/gcc/arm-none-eabi/5.4.1/../../../arm-none-eabi/lib/armv7e-m/libc.a(lib_a-lseekr.o)
                0x0000000000008230                _lseek_r
 .text          0x000000000000825c       0x2c /usr/lib/gcc/arm-none-eabi/5.4.1/../../../arm-none-eabi/lib/armv7e-m/libc.a(lib_a-readr.o)
                0x000000000000825c                _read_r
 .text          0x0000000000008288       0xbc /usr/lib/gcc/arm-none-eabi/5.4.1/../../../arm-none-eabi/lib/armv7e-m/libc.a(lib_a-wbuf.o)
                0x0000000000008288                __swbuf_r
                0x0000000000008334                __swbuf
 .text          0x0000000000008344       0xac /usr/lib/gcc/arm-none-eabi/5.4.1/../../../arm-none-eabi/lib/armv7e-m/libc.a(lib_a-wcrtomb.o)
                0x0000000000008344                _wcrtomb_r
                0x0000000000008398                wcrtomb
 .text          0x00000000000083f0       0x4c /usr/lib/gcc/arm-none-eabi/5.4.1/../../../arm-none-eabi/lib/armv7e-m/libc.a(lib_a-wctomb_r.o)
                0x00000000000083f0                __ascii_wctomb
                0x000000000000840c                _wctomb_r
 .text          0x000000000000843c      0x424 /usr/lib/gcc/arm-none-eabi/5.4.1/armv7e-m/libgcc.a(_arm_muldivdf3.o)
                0x000000000000843c                __aeabi_dmul
                0x000000000000843c                __muldf3
                0x0000000000008690                __aeabi_ddiv
                0x0000000000008690                __divdf3
 .text          0x0000000000008860      0x110 /usr/lib/gcc/arm-none-eabi/5.4.1/armv7e-m/libgcc.a(_arm_cmpdf2.o)
                0x0000000000008860                __gtdf2
                0x0000000000008860                __gedf2
                0x0000000000008868                __ltdf2
                0x0000000000008868                __ledf2
                0x0000000000008870                __cmpdf2
                0x0000000000008870                __eqdf2
                0x0000000000008870                __nedf2
                0x00000000000088ec                __aeabi_cdrcmple
                0x00000000000088fc                __aeabi_cdcmple
                0x00000000000088fc                __aeabi_cdcmpeq
                0x000000000000890c                __aeabi_dcmpeq
                0x0000000000008920                __aeabi_dcmplt
                0x0000000000008934                __aeabi_dcmple
                0x0000000000008948                __aeabi_dcmpge
                0x000000000000895c                __aeabi_dcmpgt
 .text          0x0000000000008970       0x2c /usr/lib/gcc/arm-none-eabi/5.4.1/armv7e-m/libgcc.a(_arm_unorddf2.o)
                0x0000000000008970                __aeabi_dcmpun
                0x0000000000008970                __unorddf2
 .text          0x000000000000899c       0x50 /usr/lib/gcc/arm-none-eabi/5.4.1/armv7e-m/libgcc.a(_arm_fixdfsi.o)
                0x000000000000899c                __fixdfsi
                0x000000000000899c                __aeabi_d2iz
 .text          0x00000000000089ec       0x30 /usr/lib/gcc/arm-none-eabi/5.4.1/armv7e-m/libgcc.a(_aeabi_uldivmod.o)
                0x00000000000089ec                __aeabi_uldivmod
 .text          0x0000000000008a1c      0x2e4 /usr/lib/gcc/arm-none-eabi/5.4.1/armv7e-m/libgcc.a(_udivmoddi4.o)
                0x0000000000008a1c                __udivmoddi4
 .text          0x0000000000008d00        0x4 /usr/lib/gcc/arm-none-eabi/5.4.1/armv7e-m/libgcc.a(_dvmd_tls.o)
                0x0000000000008d00                __aeabi_ldiv0
                0x0000000000008d00                __aeabi_idiv0
 .text          0x0000000000008d04       0x10 /usr/lib/gcc/arm-none-eabi/5.4.1/../../../arm-none-eabi/lib/armv7e-m/libnosys.a(close.o)
                0x0000000000008d04                _close
 .text          0x0000000000008d14       0x10 /usr/lib/gcc/arm-none-eabi/5.4.1/../../../arm-none-eabi/lib/armv7e-m/libnosys.a(fstat.o)
                0x0000000000008d14                _fstat
 .text          0x0000000000008d24       0x10 /usr/lib/gcc/arm-none-eabi/5.4.1/../../../arm-none-eabi/lib/armv7e-m/libnosys.a(isatty.o)
                0x0000000000008d24                _isatty
 .text          0x0000000000008d34       0x10 /usr/lib/gcc/arm-none-eabi/5.4.1/../../../arm-none-eabi/lib/armv7e-m/libnosys.a(lseek.o)
                0x0000000000008d34                _lseek
 .text          0x0000000000008d44       0x10 /usr/lib/gcc/arm-none-eabi/5.4.1/../../../arm-none-eabi/lib/armv7e-m/libnosys.a(read.o)
                0x0000000000008d44                _read
 .text          0x0000000000008d54       0x1c /usr/lib/gcc/arm-none-eabi/5.4.1/../../../arm-none-eabi/lib/armv7e-m/libnosys.a(sbrk.o)
                0x0000000000008d54                _sbrk
 .text          0x0000000000008d70       0x10 /usr/lib/gcc/arm-none-eabi/5.4.1/../../../arm-none-eabi/lib/armv7e-m/libnosys.a(write.o)
                0x0000000000008d70                _write
 .text          0x0000000000008d80        0x4 /usr/lib/gcc/arm-none-eabi/5.4.1/../../../arm-none-eabi/lib/armv7e-m/libnosys.a(_exit.o)
                0x0000000000008d80                _exit
 .text          0x0000000000008d84        0x0 /usr/lib/gcc/arm-none-eabi/5.4.1/armv7e-m/crtend.o
 .text          0x0000000000008d84        0x0 /usr/lib/gcc/arm-none-eabi/5.4.1/armv7e-m/crtn.o
 *(.text.*)
 .text.startup  0x0000000000008d84       0x14 /usr/lib/gcc/arm-none-eabi/5.4.1/../../../arm-none-eabi/lib/armv7e-m/libc.a(lib_a-__call_atexit.o)
                0x0000000000008d98                . = ALIGN (0x4)
 *(.ctors)
                0x0000000000008d98                . = ALIGN (0x4)
 *(.dtors)
                0x0000000000008d98                . = ALIGN (0x4)
                0x0000000000008d98                __init_array_start = .
 *(.init_array*)
 .init_array    0x0000000000008d98        0x4 /usr/lib/gcc/arm-none-eabi/5.4.1/armv7e-m/crtbegin.o
 .init_array.00000
                0x0000000000008d9c        0x4 /usr/lib/gcc/arm-none-eabi/5.4.1/../../../arm-none-eabi/lib/armv7e-m/libc.a(lib_a-__call_atexit.o)
                0x0000000000008da0                __init_array_end = .
 *(.init)
 .init          0x0000000000008da0        0x4 /usr/lib/gcc/arm-none-eabi/5.4.1/armv7e-m/crti.o
                0x0000000000008da0                _init
 .init          0x0000000000008da4        0x8 /usr/lib/gcc/arm-none-eabi/5.4.1/armv7e-m/crtn.o
 *(.fini*)
 .fini          0x0000000000008dac        0x4 /usr/lib/gcc/arm-none-eabi/5.4.1/armv7e-m/crti.o
                0x0000000000008dac                _fini
 .fini_array    0x0000000000008db0        0x4 /usr/lib/gcc/arm-none-eabi/5.4.1/armv7e-m/crtbegin.o
 .fini          0x0000000000008db4        0x8 /usr/lib/gcc/arm-none-eabi/5.4.1/armv7e-m/crtn.o

.glue_7         0x0000000000008dbc        0x0
 .glue_7        0x0000000000008dbc        0x0 linker stubs

.glue_7t        0x0000000000008dbc        0x0
 .glue_7t       0x0000000000008dbc        0x0 linker stubs

.vfp11_veneer   0x0000000000008dbc        0x0
 .vfp11_veneer  0x0000000000008dbc        0x0 linker stubs

.v4_bx          0x0000000000008dbc        0x0
 .v4_bx         0x0000000000008dbc        0x0 linker stubs

.iplt           0x0000000000008dbc        0x0
 .iplt          0x0000000000008dbc        0x0 /usr/lib/gcc/arm-none-eabi/5.4.1/armv7e-m/crtbegin.o

.text:Reset_Handler
                0x0000000000008dbc       0x6c
 .text:Reset_Handler
                0x0000000000008dbc       0x6c ./src/interrupts_msp432p401r_gcc.o
                0x0000000000008dbc                Reset_Handler

.text:NMI_Handler
                0x0000000000008e28       0x10
 .text:NMI_Handler
                0x0000000000008e28       0x10 ./src/interrupts_msp432p401r_gcc.o
                0x0000000000008e28                NMI_Handler

.text:HardFault_Handler
                0x0000000000008e38       0x10
 .text:HardFault_Handler
                0x0000000000008e38       0x10 ./src/interrupts_msp432p401r_gcc.o
                0x0000000000008e38                HardFault_Handler

.text:Default_Handler
                0x0000000000008e48       0x10
 .text:Default_Handler
                0x0000000000008e48       0x10 ./src/interrupts_msp432p401r_gcc.o
                0x0000000000008e48                CS_IRQHandler
                0x0000000000008e48                DebugMon_Handler
                0x0000000000008e48                AES256_IRQHandler
                0x0000000000008e48                SysTick_Handler
                0x0000000000008e48                PendSV_Handler
                0x0000000000008e48                RTC_C_IRQHandler
                0x0000000000008e48                PORT1_IRQHandler
                0x0000000000008e48                FPU_IRQHandler
                0x0000000000008e48                PORT2_IRQHandler
                0x0000000000008e48                TA3_0_IRQHandler
                0x0000000000008e48                UsageFault_Handler
                0x0000000000008e48                DMA_INT3_IRQHandler
                0x0000000000008e48                TA2_0_IRQHandler
                0x0000000000008e48                DMA_INT1_IRQHandler
                0x0000000000008e48                WDT_A_IRQHandler
                0x0000000000008e48                TA2_N_IRQHandler
                0x0000000000008e48                TA1_0_IRQHandler
                0x0000000000008e48                PSS_IRQHandler
                0x0000000000008e48                DMA_INT2_IRQHandler
                0x0000000000008e48                EUSCIA3_IRQHandler
                0x0000000000008e48                DMA_INT0_IRQHandler
                0x0000000000008e48                PORT4_IRQHandler
                0x0000000000008e48                PORT5_IRQHandler
                0x0000000000008e48                EUSCIB0_IRQHandler
                0x0000000000008e48                Default_Handler
                0x0000000000008e48                T32_INTC_IRQHandler
                0x0000000000008e48                TA3_N_IRQHandler
                0x0000000000008e48                TA0_0_IRQHandler
                0x0000000000008e48                EUSCIA2_IRQHandler
                0x0000000000008e48                PORT6_IRQHandler
                0x0000000000008e48                PORT3_IRQHandler
                0x0000000000008e48                MemManage_Handler
                0x0000000000008e48                SVC_Handler
                0x0000000000008e48                TA1_N_IRQHandler
                0x0000000000008e48                EUSCIA1_IRQHandler
                0x0000000000008e48                COMP_E1_IRQHandler
                0x0000000000008e48                EUSCIB2_IRQHandler
                0x0000000000008e48                FLCTL_IRQHandler
                0x0000000000008e48                EUSCIB3_IRQHandler
                0x0000000000008e48                T32_INT1_IRQHandler
                0x0000000000008e48                ADC14_IRQHandler
                0x0000000000008e48                DMA_ERR_IRQHandler
                0x0000000000008e48                EUSCIA0_IRQHandler
                0x0000000000008e48                BusFault_Handler
                0x0000000000008e48                PCM_IRQHandler
                0x0000000000008e48                TA0_N_IRQHandler
                0x0000000000008e48                COMP_E0_IRQHandler
                0x0000000000008e48                EUSCIB1_IRQHandler
                0x0000000000008e48                T32_INT2_IRQHandler

.rodata         0x0000000000008e58      0x310
 *(.rodata)
 .rodata        0x0000000000008e58       0x20 ./src/course1.o
 .rodata        0x0000000000008e78      0x11c ./src/stats.o
 .rodata        0x0000000000008f94        0x4 /usr/lib/gcc/arm-none-eabi/5.4.1/../../../arm-none-eabi/lib/armv7e-m/libc.a(lib_a-impure.o)
                0x0000000000008f94                _global_impure_ptr
 .rodata        0x0000000000008f98       0x20 /usr/lib/gcc/arm-none-eabi/5.4.1/../../../arm-none-eabi/lib/armv7e-m/libc.a(lib_a-vfprintf.o)
 .rodata        0x0000000000008fb8      0x128 /usr/lib/gcc/arm-none-eabi/5.4.1/../../../arm-none-eabi/lib/armv7e-m/libc.a(lib_a-mprec.o)
                0x0000000000008fc8                __mprec_tens
                0x0000000000009090                __mprec_tinytens
                0x00000000000090b8                __mprec_bigtens
 .rodata        0x00000000000090e0       0x20 /usr/lib/gcc/arm-none-eabi/5.4.1/../../../arm-none-eabi/lib/armv7e-m/libc.a(lib_a-vfiprintf.o)
 *(.rodata.*)
 .rodata.str1.4
                0x0000000000009100        0x2 /usr/lib/gcc/arm-none-eabi/5.4.1/../../../arm-none-eabi/lib/armv7e-m/libc.a(lib_a-impure.o)
 *fill*         0x0000000000009102        0x2 
 .rodata.str1.4
                0x0000000000009104        0x2 /usr/lib/gcc/arm-none-eabi/5.4.1/../../../arm-none-eabi/lib/armv7e-m/libc.a(lib_a-puts.o)
 *fill*         0x0000000000009106        0x2 
 .rodata.str1.4
                0x0000000000009108       0x42 /usr/lib/gcc/arm-none-eabi/5.4.1/../../../arm-none-eabi/lib/armv7e-m/libc.a(lib_a-vfprintf.o)
 *fill*         0x000000000000914a        0x2 
 .rodata.str1.4
                0x000000000000914c       0x10 /usr/lib/gcc/arm-none-eabi/5.4.1/../../../arm-none-eabi/lib/armv7e-m/libc.a(lib_a-dtoa.o)
                                         0x12 (size before relaxing)
 .rodata.str1.4
                0x000000000000915c        0xc /usr/lib/gcc/arm-none-eabi/5.4.1/../../../arm-none-eabi/lib/armv7e-m/libc.a(lib_a-locale.o)
                                         0x12 (size before relaxing)
 .rodata.str1.4
                0x0000000000009168       0x2f /usr/lib/gcc/arm-none-eabi/5.4.1/../../../arm-none-eabi/lib/armv7e-m/libc.a(lib_a-vfiprintf.o)

.eh_frame       0x0000000000009168        0x4
 .eh_frame      0x0000000000009168        0x0 /usr/lib/gcc/arm-none-eabi/5.4.1/armv7e-m/crtbegin.o
 .eh_frame      0x0000000000009168        0x4 /usr/lib/gcc/arm-none-eabi/5.4.1/armv7e-m/crtend.o

.ARM.exidx      0x000000000000916c        0x8
                0x000000000000916c                __exidx_start = .
 *(.ARM.exidx* .gnu.linkonce.armexidx.*)
 .ARM.exidx     0x000000000000916c        0x8 /usr/lib/gcc/arm-none-eabi/5.4.1/../../../arm-none-eabi/lib/armv7e-m/crt0.o
 .ARM.exidx     0x0000000000009174        0x0 /usr/lib/gcc/arm-none-eabi/5.4.1/armv7e-m/libgcc.a(_udivmoddi4.o)
                                          0x8 (size before relaxing)
                0x0000000000009174                __exidx_end = .

.ARM.extab      0x0000000000009174        0x0
 *(.ARM.extab* .gnu.linkonce.armextab.*)
 .ARM.extab     0x0000000000009174        0x0 /usr/lib/gcc/arm-none-eabi/5.4.1/../../../arm-none-eabi/lib/armv7e-m/crt0.o
 .ARM.extab     0x0000000000009174        0x0 /usr/lib/gcc/arm-none-eabi/5.4.1/armv7e-m/libgcc.a(_udivmoddi4.o)
                0x0000000000009174                __etext = .

.rel.dyn        0x0000000000009174        0x0
 .rel.iplt      0x0000000000009174        0x0 /usr/lib/gcc/arm-none-eabi/5.4.1/armv7e-m/crtbegin.o

.data           0x0000000020000000      0x8c8 load address 0x0000000000009174
                0x0000000000009174                __data_load__ = LOADADDR (.data)
                0x0000000020000000                __data_start__ = .
 *(.data)
 .data          0x0000000020000000        0x0 /usr/lib/gcc/arm-none-eabi/5.4.1/armv7e-m/crti.o
 .data          0x0000000020000000        0x4 /usr/lib/gcc/arm-none-eabi/5.4.1/armv7e-m/crtbegin.o
                0x0000000020000000                __dso_handle
 .data          0x0000000020000004        0x0 /usr/lib/gcc/arm-none-eabi/5.4.1/../../../arm-none-eabi/lib/armv7e-m/crt0.o
 .data          0x0000000020000004        0x0 ./src/course1.o
 .data          0x0000000020000004        0x0 ./src/data.o
 .data          0x0000000020000004        0x0 ./src/interrupts_msp432p401r_gcc.o
 .data          0x0000000020000004        0x0 ./src/main.o
 .data          0x0000000020000004        0x0 ./src/memory.o
 .data          0x0000000020000004        0x0 ./src/startup_msp432p401r_gcc.o
 .data          0x0000000020000004        0x0 ./src/stats.o
 .data          0x0000000020000004        0x4 ./src/system_msp432p401r.o
                0x0000000020000004                SystemCoreClock
 .data          0x0000000020000008        0x0 /usr/lib/gcc/arm-none-eabi/5.4.1/armv7e-m/libgcc.a(_arm_addsubdf3.o)
 .data          0x0000000020000008        0x0 /usr/lib/gcc/arm-none-eabi/5.4.1/armv7e-m/libgcc.a(_arm_addsubsf3.o)
 .data          0x0000000020000008        0x0 /usr/lib/gcc/arm-none-eabi/5.4.1/armv7e-m/libgcc.a(_arm_muldivsf3.o)
 .data          0x0000000020000008        0x0 /usr/lib/gcc/arm-none-eabi/5.4.1/armv7e-m/libgcc.a(_arm_fixunssfsi.o)
 .data          0x0000000020000008        0x0 /usr/lib/gcc/arm-none-eabi/5.4.1/../../../arm-none-eabi/lib/armv7e-m/libc.a(lib_a-atexit.o)
 .data          0x0000000020000008        0x0 /usr/lib/gcc/arm-none-eabi/5.4.1/../../../arm-none-eabi/lib/armv7e-m/libc.a(lib_a-exit.o)
 .data          0x0000000020000008        0x0 /usr/lib/gcc/arm-none-eabi/5.4.1/../../../arm-none-eabi/lib/armv7e-m/libc.a(lib_a-fini.o)
 .data          0x0000000020000008      0x430 /usr/lib/gcc/arm-none-eabi/5.4.1/../../../arm-none-eabi/lib/armv7e-m/libc.a(lib_a-impure.o)
                0x0000000020000008                _impure_ptr
 .data          0x0000000020000438        0x0 /usr/lib/gcc/arm-none-eabi/5.4.1/../../../arm-none-eabi/lib/armv7e-m/libc.a(lib_a-init.o)
 .data          0x0000000020000438        0x0 /usr/lib/gcc/arm-none-eabi/5.4.1/../../../arm-none-eabi/lib/armv7e-m/libc.a(lib_a-malloc.o)
 .data          0x0000000020000438      0x410 /usr/lib/gcc/arm-none-eabi/5.4.1/../../../arm-none-eabi/lib/armv7e-m/libc.a(lib_a-mallocr.o)
                0x0000000020000438                __malloc_av_
                0x0000000020000840                __malloc_sbrk_base
                0x0000000020000844                __malloc_trim_threshold
 .data          0x0000000020000848        0x0 /usr/lib/gcc/arm-none-eabi/5.4.1/../../../arm-none-eabi/lib/armv7e-m/libc.a(lib_a-memcpy.o)
 .data          0x0000000020000848        0x0 /usr/lib/gcc/arm-none-eabi/5.4.1/../../../arm-none-eabi/lib/armv7e-m/libc.a(lib_a-memset.o)
 .data          0x0000000020000848        0x0 /usr/lib/gcc/arm-none-eabi/5.4.1/../../../arm-none-eabi/lib/armv7e-m/libc.a(lib_a-mlock.o)
 .data          0x0000000020000848        0x0 /usr/lib/gcc/arm-none-eabi/5.4.1/../../../arm-none-eabi/lib/armv7e-m/libc.a(lib_a-printf.o)
 .data          0x0000000020000848        0x0 /usr/lib/gcc/arm-none-eabi/5.4.1/../../../arm-none-eabi/lib/armv7e-m/libc.a(lib_a-puts.o)
 .data          0x0000000020000848        0x0 /usr/lib/gcc/arm-none-eabi/5.4.1/../../../arm-none-eabi/lib/armv7e-m/libc.a(lib_a-qsort.o)
 .data          0x0000000020000848        0x0 /usr/lib/gcc/arm-none-eabi/5.4.1/../../../arm-none-eabi/lib/armv7e-m/libc.a(lib_a-sbrkr.o)
 .data          0x0000000020000848        0x0 /usr/lib/gcc/arm-none-eabi/5.4.1/../../../arm-none-eabi/lib/armv7e-m/libc.a(lib_a-strlen.o)
 .data          0x0000000020000848        0x0 /usr/lib/gcc/arm-none-eabi/5.4.1/../../../arm-none-eabi/lib/armv7e-m/libc.a(lib_a-vfprintf.o)
 .data          0x0000000020000848        0x0 /usr/lib/gcc/arm-none-eabi/5.4.1/../../../arm-none-eabi/lib/armv7e-m/libc.a(lib_a-wsetup.o)
 .data          0x0000000020000848        0x0 /usr/lib/gcc/arm-none-eabi/5.4.1/../../../arm-none-eabi/lib/armv7e-m/libc.a(lib_a-__atexit.o)
 .data          0x0000000020000848        0x0 /usr/lib/gcc/arm-none-eabi/5.4.1/../../../arm-none-eabi/lib/armv7e-m/libc.a(lib_a-__call_atexit.o)
 .data          0x0000000020000848        0x0 /usr/lib/gcc/arm-none-eabi/5.4.1/../../../arm-none-eabi/lib/armv7e-m/libc.a(lib_a-dtoa.o)
 .data          0x0000000020000848        0x0 /usr/lib/gcc/arm-none-eabi/5.4.1/../../../arm-none-eabi/lib/armv7e-m/libc.a(lib_a-fflush.o)
 .data          0x0000000020000848        0x0 /usr/lib/gcc/arm-none-eabi/5.4.1/../../../arm-none-eabi/lib/armv7e-m/libc.a(lib_a-findfp.o)
 .data          0x0000000020000848        0x0 /usr/lib/gcc/arm-none-eabi/5.4.1/../../../arm-none-eabi/lib/armv7e-m/libc.a(lib_a-freer.o)
 .data          0x0000000020000848        0x0 /usr/lib/gcc/arm-none-eabi/5.4.1/../../../arm-none-eabi/lib/armv7e-m/libc.a(lib_a-fvwrite.o)
 .data          0x0000000020000848        0x0 /usr/lib/gcc/arm-none-eabi/5.4.1/../../../arm-none-eabi/lib/armv7e-m/libc.a(lib_a-fwalk.o)
 .data          0x0000000020000848       0x7c /usr/lib/gcc/arm-none-eabi/5.4.1/../../../arm-none-eabi/lib/armv7e-m/libc.a(lib_a-locale.o)
                0x0000000020000868                __mb_cur_max
 .data          0x00000000200008c4        0x0 /usr/lib/gcc/arm-none-eabi/5.4.1/../../../arm-none-eabi/lib/armv7e-m/libc.a(lib_a-makebuf.o)
 .data          0x00000000200008c4        0x0 /usr/lib/gcc/arm-none-eabi/5.4.1/../../../arm-none-eabi/lib/armv7e-m/libc.a(lib_a-memchr.o)
 .data          0x00000000200008c4        0x0 /usr/lib/gcc/arm-none-eabi/5.4.1/../../../arm-none-eabi/lib/armv7e-m/libc.a(lib_a-memmove.o)
 .data          0x00000000200008c4        0x0 /usr/lib/gcc/arm-none-eabi/5.4.1/../../../arm-none-eabi/lib/armv7e-m/libc.a(lib_a-mprec.o)
 .data          0x00000000200008c4        0x0 /usr/lib/gcc/arm-none-eabi/5.4.1/../../../arm-none-eabi/lib/armv7e-m/libc.a(lib_a-reallocr.o)
 .data          0x00000000200008c4        0x0 /usr/lib/gcc/arm-none-eabi/5.4.1/../../../arm-none-eabi/lib/armv7e-m/libc.a(lib_a-reent.o)
 .data          0x00000000200008c4        0x0 /usr/lib/gcc/arm-none-eabi/5.4.1/../../../arm-none-eabi/lib/armv7e-m/libc.a(lib_a-stdio.o)
 .data          0x00000000200008c4        0x0 /usr/lib/gcc/arm-none-eabi/5.4.1/../../../arm-none-eabi/lib/armv7e-m/libc.a(lib_a-strcmp.o)
 .data          0x00000000200008c4        0x0 /usr/lib/gcc/arm-none-eabi/5.4.1/../../../arm-none-eabi/lib/armv7e-m/libc.a(lib_a-vfiprintf.o)
 .data          0x00000000200008c4        0x0 /usr/lib/gcc/arm-none-eabi/5.4.1/../../../arm-none-eabi/lib/armv7e-m/libc.a(lib_a-writer.o)
 .data          0x00000000200008c4        0x0 /usr/lib/gcc/arm-none-eabi/5.4.1/../../../arm-none-eabi/lib/armv7e-m/libc.a(lib_a-callocr.o)
 .data          0x00000000200008c4        0x0 /usr/lib/gcc/arm-none-eabi/5.4.1/../../../arm-none-eabi/lib/armv7e-m/libc.a(lib_a-closer.o)
 .data          0x00000000200008c4        0x0 /usr/lib/gcc/arm-none-eabi/5.4.1/../../../arm-none-eabi/lib/armv7e-m/libc.a(lib_a-fclose.o)
 .data          0x00000000200008c4        0x0 /usr/lib/gcc/arm-none-eabi/5.4.1/../../../arm-none-eabi/lib/armv7e-m/libc.a(lib_a-fputwc.o)
 .data          0x00000000200008c4        0x0 /usr/lib/gcc/arm-none-eabi/5.4.1/../../../arm-none-eabi/lib/armv7e-m/libc.a(lib_a-fstatr.o)
 .data          0x00000000200008c4        0x0 /usr/lib/gcc/arm-none-eabi/5.4.1/../../../arm-none-eabi/lib/armv7e-m/libc.a(lib_a-isattyr.o)
 .data          0x00000000200008c4        0x0 /usr/lib/gcc/arm-none-eabi/5.4.1/../../../arm-none-eabi/lib/armv7e-m/libc.a(lib_a-lseekr.o)
 .data          0x00000000200008c4        0x0 /usr/lib/gcc/arm-none-eabi/5.4.1/../../../arm-none-eabi/lib/armv7e-m/libc.a(lib_a-readr.o)
 .data          0x00000000200008c4        0x0 /usr/lib/gcc/arm-none-eabi/5.4.1/../../../arm-none-eabi/lib/armv7e-m/libc.a(lib_a-wbuf.o)
 .data          0x00000000200008c4        0x0 /usr/lib/gcc/arm-none-eabi/5.4.1/../../../arm-none-eabi/lib/armv7e-m/libc.a(lib_a-wcrtomb.o)
 .data          0x00000000200008c4        0x4 /usr/lib/gcc/arm-none-eabi/5.4.1/../../../arm-none-eabi/lib/armv7e-m/libc.a(lib_a-wctomb_r.o)
                0x00000000200008c4                __wctomb
 .data          0x00000000200008c8        0x0 /usr/lib/gcc/arm-none-eabi/5.4.1/armv7e-m/libgcc.a(_arm_muldivdf3.o)
 .data          0x00000000200008c8        0x0 /usr/lib/gcc/arm-none-eabi/5.4.1/armv7e-m/libgcc.a(_arm_cmpdf2.o)
 .data          0x00000000200008c8        0x0 /usr/lib/gcc/arm-none-eabi/5.4.1/armv7e-m/libgcc.a(_arm_unorddf2.o)
 .data          0x00000000200008c8        0x0 /usr/lib/gcc/arm-none-eabi/5.4.1/armv7e-m/libgcc.a(_arm_fixdfsi.o)
 .data          0x00000000200008c8        0x0 /usr/lib/gcc/arm-none-eabi/5.4.1/armv7e-m/libgcc.a(_aeabi_uldivmod.o)
 .data          0x00000000200008c8        0x0 /usr/lib/gcc/arm-none-eabi/5.4.1/armv7e-m/libgcc.a(_udivmoddi4.o)
 .data          0x00000000200008c8        0x0 /usr/lib/gcc/arm-none-eabi/5.4.1/armv7e-m/libgcc.a(_dvmd_tls.o)
 .data          0x00000000200008c8        0x0 /usr/lib/gcc/arm-none-eabi/5.4.1/../../../arm-none-eabi/lib/armv7e-m/libnosys.a(close.o)
 .data          0x00000000200008c8        0x0 /usr/lib/gcc/arm-none-eabi/5.4.1/../../../arm-none-eabi/lib/armv7e-m/libnosys.a(fstat.o)
 .data          0x00000000200008c8        0x0 /usr/lib/gcc/arm-none-eabi/5.4.1/../../../arm-none-eabi/lib/armv7e-m/libnosys.a(isatty.o)
 .data          0x00000000200008c8        0x0 /usr/lib/gcc/arm-none-eabi/5.4.1/../../../arm-none-eabi/lib/armv7e-m/libnosys.a(lseek.o)
 .data          0x00000000200008c8        0x0 /usr/lib/gcc/arm-none-eabi/5.4.1/../../../arm-none-eabi/lib/armv7e-m/libnosys.a(read.o)
 .data          0x00000000200008c8        0x0 /usr/lib/gcc/arm-none-eabi/5.4.1/../../../arm-none-eabi/lib/armv7e-m/libnosys.a(sbrk.o)
 .data          0x00000000200008c8        0x0 /usr/lib/gcc/arm-none-eabi/5.4.1/../../../arm-none-eabi/lib/armv7e-m/libnosys.a(write.o)
 .data          0x00000000200008c8        0x0 /usr/lib/gcc/arm-none-eabi/5.4.1/../../../arm-none-eabi/lib/armv7e-m/libnosys.a(_exit.o)
 .data          0x00000000200008c8        0x0 /usr/lib/gcc/arm-none-eabi/5.4.1/armv7e-m/crtend.o
 .data          0x00000000200008c8        0x0 /usr/lib/gcc/arm-none-eabi/5.4.1/armv7e-m/crtn.o
 *(.data*)
                0x00000000200008c8                . = ALIGN (0x4)
                0x00000000200008c8                __data_end__ = .

.jcr            0x00000000200008c8        0x4 load address 0x0000000000009a3c
 .jcr           0x00000000200008c8        0x0 /usr/lib/gcc/arm-none-eabi/5.4.1/armv7e-m/crtbegin.o
 .jcr           0x00000000200008c8        0x4 /usr/lib/gcc/arm-none-eabi/5.4.1/armv7e-m/crtend.o

.tm_clone_table
                0x00000000200008cc        0x0 load address 0x0000000000009a40
 .tm_clone_table
                0x00000000200008cc        0x0 /usr/lib/gcc/arm-none-eabi/5.4.1/armv7e-m/crtbegin.o
 .tm_clone_table
                0x00000000200008cc        0x0 /usr/lib/gcc/arm-none-eabi/5.4.1/armv7e-m/crtend.o

.igot.plt       0x00000000200008cc        0x0 load address 0x0000000000009a40
 .igot.plt      0x00000000200008cc        0x0 /usr/lib/gcc/arm-none-eabi/5.4.1/armv7e-m/crtbegin.o

.bss            0x00000000200008cc       0x64
                0x00000000200008cc                __bss_start__ = .
 *(.shbss)
 *(.bss)
 .bss           0x00000000200008cc        0x0 /usr/lib/gcc/arm-none-eabi/5.4.1/armv7e-m/crti.o
 .bss           0x00000000200008cc       0x1c /usr/lib/gcc/arm-none-eabi/5.4.1/armv7e-m/crtbegin.o
 .bss           0x00000000200008e8        0x0 /usr/lib/gcc/arm-none-eabi/5.4.1/../../../arm-none-eabi/lib/armv7e-m/crt0.o
 .bss           0x00000000200008e8        0x0 ./src/course1.o
 .bss           0x00000000200008e8        0x0 ./src/data.o
 .bss           0x00000000200008e8        0x0 ./src/interrupts_msp432p401r_gcc.o
 .bss           0x00000000200008e8        0x0 ./src/main.o
 .bss           0x00000000200008e8        0x0 ./src/memory.o
 .bss           0x00000000200008e8        0x0 ./src/startup_msp432p401r_gcc.o
 .bss           0x00000000200008e8        0x0 ./src/stats.o
 .bss           0x00000000200008e8        0x0 ./src/system_msp432p401r.o
 .bss           0x00000000200008e8        0x0 /usr/lib/gcc/arm-none-eabi/5.4.1/armv7e-m/libgcc.a(_arm_addsubdf3.o)
 .bss           0x00000000200008e8        0x0 /usr/lib/gcc/arm-none-eabi/5.4.1/armv7e-m/libgcc.a(_arm_addsubsf3.o)
 .bss           0x00000000200008e8        0x0 /usr/lib/gcc/arm-none-eabi/5.4.1/armv7e-m/libgcc.a(_arm_muldivsf3.o)
 .bss           0x00000000200008e8        0x0 /usr/lib/gcc/arm-none-eabi/5.4.1/armv7e-m/libgcc.a(_arm_fixunssfsi.o)
 .bss           0x00000000200008e8        0x0 /usr/lib/gcc/arm-none-eabi/5.4.1/../../../arm-none-eabi/lib/armv7e-m/libc.a(lib_a-atexit.o)
 .bss           0x00000000200008e8        0x0 /usr/lib/gcc/arm-none-eabi/5.4.1/../../../arm-none-eabi/lib/armv7e-m/libc.a(lib_a-exit.o)
 .bss           0x00000000200008e8        0x0 /usr/lib/gcc/arm-none-eabi/5.4.1/../../../arm-none-eabi/lib/armv7e-m/libc.a(lib_a-fini.o)
 .bss           0x00000000200008e8        0x0 /usr/lib/gcc/arm-none-eabi/5.4.1/../../../arm-none-eabi/lib/armv7e-m/libc.a(lib_a-impure.o)
 .bss           0x00000000200008e8        0x0 /usr/lib/gcc/arm-none-eabi/5.4.1/../../../arm-none-eabi/lib/armv7e-m/libc.a(lib_a-init.o)
 .bss           0x00000000200008e8        0x0 /usr/lib/gcc/arm-none-eabi/5.4.1/../../../arm-none-eabi/lib/armv7e-m/libc.a(lib_a-malloc.o)
 .bss           0x00000000200008e8       0x34 /usr/lib/gcc/arm-none-eabi/5.4.1/../../../arm-none-eabi/lib/armv7e-m/libc.a(lib_a-mallocr.o)
                0x00000000200008e8                __malloc_top_pad
                0x00000000200008ec                __malloc_current_mallinfo
                0x0000000020000914                __malloc_max_sbrked_mem
                0x0000000020000918                __malloc_max_total_mem
 .bss           0x000000002000091c        0x0 /usr/lib/gcc/arm-none-eabi/5.4.1/../../../arm-none-eabi/lib/armv7e-m/libc.a(lib_a-memcpy.o)
 .bss           0x000000002000091c        0x0 /usr/lib/gcc/arm-none-eabi/5.4.1/../../../arm-none-eabi/lib/armv7e-m/libc.a(lib_a-memset.o)
 .bss           0x000000002000091c        0x0 /usr/lib/gcc/arm-none-eabi/5.4.1/../../../arm-none-eabi/lib/armv7e-m/libc.a(lib_a-mlock.o)
 .bss           0x000000002000091c        0x0 /usr/lib/gcc/arm-none-eabi/5.4.1/../../../arm-none-eabi/lib/armv7e-m/libc.a(lib_a-printf.o)
 .bss           0x000000002000091c        0x0 /usr/lib/gcc/arm-none-eabi/5.4.1/../../../arm-none-eabi/lib/armv7e-m/libc.a(lib_a-puts.o)
 .bss           0x000000002000091c        0x0 /usr/lib/gcc/arm-none-eabi/5.4.1/../../../arm-none-eabi/lib/armv7e-m/libc.a(lib_a-qsort.o)
 .bss           0x000000002000091c        0x0 /usr/lib/gcc/arm-none-eabi/5.4.1/../../../arm-none-eabi/lib/armv7e-m/libc.a(lib_a-sbrkr.o)
 .bss           0x000000002000091c        0x0 /usr/lib/gcc/arm-none-eabi/5.4.1/../../../arm-none-eabi/lib/armv7e-m/libc.a(lib_a-strlen.o)
 .bss           0x000000002000091c        0x0 /usr/lib/gcc/arm-none-eabi/5.4.1/../../../arm-none-eabi/lib/armv7e-m/libc.a(lib_a-vfprintf.o)
 .bss           0x000000002000091c        0x0 /usr/lib/gcc/arm-none-eabi/5.4.1/../../../arm-none-eabi/lib/armv7e-m/libc.a(lib_a-wsetup.o)
 .bss           0x000000002000091c        0x0 /usr/lib/gcc/arm-none-eabi/5.4.1/../../../arm-none-eabi/lib/armv7e-m/libc.a(lib_a-__atexit.o)
 .bss           0x000000002000091c        0x0 /usr/lib/gcc/arm-none-eabi/5.4.1/../../../arm-none-eabi/lib/armv7e-m/libc.a(lib_a-__call_atexit.o)
 .bss           0x000000002000091c        0x0 /usr/lib/gcc/arm-none-eabi/5.4.1/../../../arm-none-eabi/lib/armv7e-m/libc.a(lib_a-dtoa.o)
 .bss           0x000000002000091c        0x0 /usr/lib/gcc/arm-none-eabi/5.4.1/../../../arm-none-eabi/lib/armv7e-m/libc.a(lib_a-fflush.o)
 .bss           0x000000002000091c        0x0 /usr/lib/gcc/arm-none-eabi/5.4.1/../../../arm-none-eabi/lib/armv7e-m/libc.a(lib_a-findfp.o)
 .bss           0x000000002000091c        0x0 /usr/lib/gcc/arm-none-eabi/5.4.1/../../../arm-none-eabi/lib/armv7e-m/libc.a(lib_a-freer.o)
 .bss           0x000000002000091c        0x0 /usr/lib/gcc/arm-none-eabi/5.4.1/../../../arm-none-eabi/lib/armv7e-m/libc.a(lib_a-fvwrite.o)
 .bss           0x000000002000091c        0x0 /usr/lib/gcc/arm-none-eabi/5.4.1/../../../arm-none-eabi/lib/armv7e-m/libc.a(lib_a-fwalk.o)
 .bss           0x000000002000091c        0xc /usr/lib/gcc/arm-none-eabi/5.4.1/../../../arm-none-eabi/lib/armv7e-m/libc.a(lib_a-locale.o)
                0x000000002000091c                _PathLocale
                0x0000000020000920                __mlocale_changed
                0x0000000020000924                __nlocale_changed
 .bss           0x0000000020000928        0x0 /usr/lib/gcc/arm-none-eabi/5.4.1/../../../arm-none-eabi/lib/armv7e-m/libc.a(lib_a-makebuf.o)
 .bss           0x0000000020000928        0x0 /usr/lib/gcc/arm-none-eabi/5.4.1/../../../arm-none-eabi/lib/armv7e-m/libc.a(lib_a-memchr.o)
 .bss           0x0000000020000928        0x0 /usr/lib/gcc/arm-none-eabi/5.4.1/../../../arm-none-eabi/lib/armv7e-m/libc.a(lib_a-memmove.o)
 .bss           0x0000000020000928        0x0 /usr/lib/gcc/arm-none-eabi/5.4.1/../../../arm-none-eabi/lib/armv7e-m/libc.a(lib_a-mprec.o)
 .bss           0x0000000020000928        0x0 /usr/lib/gcc/arm-none-eabi/5.4.1/../../../arm-none-eabi/lib/armv7e-m/libc.a(lib_a-reallocr.o)
 .bss           0x0000000020000928        0x0 /usr/lib/gcc/arm-none-eabi/5.4.1/../../../arm-none-eabi/lib/armv7e-m/libc.a(lib_a-reent.o)
 .bss           0x0000000020000928        0x0 /usr/lib/gcc/arm-none-eabi/5.4.1/../../../arm-none-eabi/lib/armv7e-m/libc.a(lib_a-stdio.o)
 .bss           0x0000000020000928        0x0 /usr/lib/gcc/arm-none-eabi/5.4.1/../../../arm-none-eabi/lib/armv7e-m/libc.a(lib_a-strcmp.o)
 .bss           0x0000000020000928        0x0 /usr/lib/gcc/arm-none-eabi/5.4.1/../../../arm-none-eabi/lib/armv7e-m/libc.a(lib_a-vfiprintf.o)
 .bss           0x0000000020000928        0x0 /usr/lib/gcc/arm-none-eabi/5.4.1/../../../arm-none-eabi/lib/armv7e-m/libc.a(lib_a-writer.o)
 .bss           0x0000000020000928        0x0 /usr/lib/gcc/arm-none-eabi/5.4.1/../../../arm-none-eabi/lib/armv7e-m/libc.a(lib_a-callocr.o)
 .bss           0x0000000020000928        0x0 /usr/lib/gcc/arm-none-eabi/5.4.1/../../../arm-none-eabi/lib/armv7e-m/libc.a(lib_a-closer.o)
 .bss           0x0000000020000928        0x0 /usr/lib/gcc/arm-none-eabi/5.4.1/../../../arm-none-eabi/lib/armv7e-m/libc.a(lib_a-fclose.o)
 .bss           0x0000000020000928        0x0 /usr/lib/gcc/arm-none-eabi/5.4.1/../../../arm-none-eabi/lib/armv7e-m/libc.a(lib_a-fputwc.o)
 .bss           0x0000000020000928        0x0 /usr/lib/gcc/arm-none-eabi/5.4.1/../../../arm-none-eabi/lib/armv7e-m/libc.a(lib_a-fstatr.o)
 .bss           0x0000000020000928        0x0 /usr/lib/gcc/arm-none-eabi/5.4.1/../../../arm-none-eabi/lib/armv7e-m/libc.a(lib_a-isattyr.o)
 .bss           0x0000000020000928        0x0 /usr/lib/gcc/arm-none-eabi/5.4.1/../../../arm-none-eabi/lib/armv7e-m/libc.a(lib_a-lseekr.o)
 .bss           0x0000000020000928        0x0 /usr/lib/gcc/arm-none-eabi/5.4.1/../../../arm-none-eabi/lib/armv7e-m/libc.a(lib_a-readr.o)
 .bss           0x0000000020000928        0x0 /usr/lib/gcc/arm-none-eabi/5.4.1/../../../arm-none-eabi/lib/armv7e-m/libc.a(lib_a-wbuf.o)
 .bss           0x0000000020000928        0x0 /usr/lib/gcc/arm-none-eabi/5.4.1/../../../arm-none-eabi/lib/armv7e-m/libc.a(lib_a-wcrtomb.o)
 .bss           0x0000000020000928        0x0 /usr/lib/gcc/arm-none-eabi/5.4.1/../../../arm-none-eabi/lib/armv7e-m/libc.a(lib_a-wctomb_r.o)
 .bss           0x0000000020000928        0x0 /usr/lib/gcc/arm-none-eabi/5.4.1/armv7e-m/libgcc.a(_arm_muldivdf3.o)
 .bss           0x0000000020000928        0x0 /usr/lib/gcc/arm-none-eabi/5.4.1/armv7e-m/libgcc.a(_arm_cmpdf2.o)
 .bss           0x0000000020000928        0x0 /usr/lib/gcc/arm-none-eabi/5.4.1/armv7e-m/libgcc.a(_arm_unorddf2.o)
 .bss           0x0000000020000928        0x0 /usr/lib/gcc/arm-none-eabi/5.4.1/armv7e-m/libgcc.a(_arm_fixdfsi.o)
 .bss           0x0000000020000928        0x0 /usr/lib/gcc/arm-none-eabi/5.4.1/armv7e-m/libgcc.a(_aeabi_uldivmod.o)
 .bss           0x0000000020000928        0x0 /usr/lib/gcc/arm-none-eabi/5.4.1/armv7e-m/libgcc.a(_udivmoddi4.o)
 .bss           0x0000000020000928        0x0 /usr/lib/gcc/arm-none-eabi/5.4.1/armv7e-m/libgcc.a(_dvmd_tls.o)
 .bss           0x0000000020000928        0x0 /usr/lib/gcc/arm-none-eabi/5.4.1/../../../arm-none-eabi/lib/armv7e-m/libnosys.a(close.o)
 .bss           0x0000000020000928        0x0 /usr/lib/gcc/arm-none-eabi/5.4.1/../../../arm-none-eabi/lib/armv7e-m/libnosys.a(fstat.o)
 .bss           0x0000000020000928        0x0 /usr/lib/gcc/arm-none-eabi/5.4.1/../../../arm-none-eabi/lib/armv7e-m/libnosys.a(isatty.o)
 .bss           0x0000000020000928        0x0 /usr/lib/gcc/arm-none-eabi/5.4.1/../../../arm-none-eabi/lib/armv7e-m/libnosys.a(lseek.o)
 .bss           0x0000000020000928        0x0 /usr/lib/gcc/arm-none-eabi/5.4.1/../../../arm-none-eabi/lib/armv7e-m/libnosys.a(read.o)
 .bss           0x0000000020000928        0x4 /usr/lib/gcc/arm-none-eabi/5.4.1/../../../arm-none-eabi/lib/armv7e-m/libnosys.a(sbrk.o)
 .bss           0x000000002000092c        0x0 /usr/lib/gcc/arm-none-eabi/5.4.1/../../../arm-none-eabi/lib/armv7e-m/libnosys.a(write.o)
 .bss           0x000000002000092c        0x0 /usr/lib/gcc/arm-none-eabi/5.4.1/../../../arm-none-eabi/lib/armv7e-m/libnosys.a(_exit.o)
 .bss           0x000000002000092c        0x0 /usr/lib/gcc/arm-none-eabi/5.4.1/armv7e-m/crtend.o
 .bss           0x000000002000092c        0x0 /usr/lib/gcc/arm-none-eabi/5.4.1/armv7e-m/crtn.o
 *(.bss.*)
 *(COMMON)
 COMMON         0x000000002000092c        0x4 /usr/lib/gcc/arm-none-eabi/5.4.1/../../../arm-none-eabi/lib/armv7e-m/libc.a(lib_a-reent.o)
                0x000000002000092c                errno
                0x0000000020000930                . = ALIGN (0x4)
                0x0000000020000930                __bss_end__ = .

.heap           0x0000000020000930        0x0
                0x0000000020000930                __heap_start__ = .
                0x0000000020000930                end = __heap_start__
                0x0000000020000930                _end = end
                0x0000000020000930                __end = end
 *(.heap)
                0x0000000020000930                __heap_end__ = .
                0x0000000020000930                __HeapLimit = __heap_end__

.stack          0x0000000020000930        0x0
                0x0000000020000930                _stack = .
                0x0000000020000930                __stack = .
 *(.stack)
OUTPUT(course1.out elf32-littlearm)

.ARM.attributes
                0x0000000000000000       0x2a
 .ARM.attributes
                0x0000000000000000       0x1e /usr/lib/gcc/arm-none-eabi/5.4.1/armv7e-m/crti.o
 .ARM.attributes
                0x000000000000001e       0x2e /usr/lib/gcc/arm-none-eabi/5.4.1/armv7e-m/crtbegin.o
 .ARM.attributes
                0x000000000000004c       0x1c /usr/lib/gcc/arm-none-eabi/5.4.1/../../../arm-none-eabi/lib/armv7e-m/crt0.o
 .ARM.attributes
                0x0000000000000068       0x33 ./src/course1.o
 .ARM.attributes
                0x000000000000009b       0x33 ./src/data.o
 .ARM.attributes
                0x00000000000000ce       0x33 ./src/interrupts_msp432p401r_gcc.o
 .ARM.attributes
                0x0000000000000101       0x33 ./src/main.o
 .ARM.attributes
                0x0000000000000134       0x33 ./src/memory.o
 .ARM.attributes
                0x0000000000000167       0x33 ./src/startup_msp432p401r_gcc.o
 .ARM.attributes
                0x000000000000019a       0x33 ./src/stats.o
 .ARM.attributes
                0x00000000000001cd       0x33 ./src/system_msp432p401r.o
 .ARM.attributes
                0x0000000000000200       0x1e /usr/lib/gcc/arm-none-eabi/5.4.1/armv7e-m/libgcc.a(_arm_addsubdf3.o)
 .ARM.attributes
                0x000000000000021e       0x1e /usr/lib/gcc/arm-none-eabi/5.4.1/armv7e-m/libgcc.a(_arm_addsubsf3.o)
 .ARM.attributes
                0x000000000000023c       0x1e /usr/lib/gcc/arm-none-eabi/5.4.1/armv7e-m/libgcc.a(_arm_muldivsf3.o)
 .ARM.attributes
                0x000000000000025a       0x1e /usr/lib/gcc/arm-none-eabi/5.4.1/armv7e-m/libgcc.a(_arm_fixunssfsi.o)
 .ARM.attributes
                0x0000000000000278       0x2e /usr/lib/gcc/arm-none-eabi/5.4.1/../../../arm-none-eabi/lib/armv7e-m/libc.a(lib_a-atexit.o)
 .ARM.attributes
                0x00000000000002a6       0x2e /usr/lib/gcc/arm-none-eabi/5.4.1/../../../arm-none-eabi/lib/armv7e-m/libc.a(lib_a-exit.o)
 .ARM.attributes
                0x00000000000002d4       0x2e /usr/lib/gcc/arm-none-eabi/5.4.1/../../../arm-none-eabi/lib/armv7e-m/libc.a(lib_a-fini.o)
 .ARM.attributes
                0x0000000000000302       0x2e /usr/lib/gcc/arm-none-eabi/5.4.1/../../../arm-none-eabi/lib/armv7e-m/libc.a(lib_a-impure.o)
 .ARM.attributes
                0x0000000000000330       0x2e /usr/lib/gcc/arm-none-eabi/5.4.1/../../../arm-none-eabi/lib/armv7e-m/libc.a(lib_a-init.o)
 .ARM.attributes
                0x000000000000035e       0x2e /usr/lib/gcc/arm-none-eabi/5.4.1/../../../arm-none-eabi/lib/armv7e-m/libc.a(lib_a-malloc.o)
 .ARM.attributes
                0x000000000000038c       0x2e /usr/lib/gcc/arm-none-eabi/5.4.1/../../../arm-none-eabi/lib/armv7e-m/libc.a(lib_a-mallocr.o)
 .ARM.attributes
                0x00000000000003ba       0x1c /usr/lib/gcc/arm-none-eabi/5.4.1/../../../arm-none-eabi/lib/armv7e-m/libc.a(lib_a-memcpy.o)
 .ARM.attributes
                0x00000000000003d6       0x2e /usr/lib/gcc/arm-none-eabi/5.4.1/../../../arm-none-eabi/lib/armv7e-m/libc.a(lib_a-memset.o)
 .ARM.attributes
                0x0000000000000404       0x2e /usr/lib/gcc/arm-none-eabi/5.4.1/../../../arm-none-eabi/lib/armv7e-m/libc.a(lib_a-mlock.o)
 .ARM.attributes
                0x0000000000000432       0x2e /usr/lib/gcc/arm-none-eabi/5.4.1/../../../arm-none-eabi/lib/armv7e-m/libc.a(lib_a-printf.o)
 .ARM.attributes
                0x0000000000000460       0x2e /usr/lib/gcc/arm-none-eabi/5.4.1/../../../arm-none-eabi/lib/armv7e-m/libc.a(lib_a-puts.o)
 .ARM.attributes
                0x000000000000048e       0x2e /usr/lib/gcc/arm-none-eabi/5.4.1/../../../arm-none-eabi/lib/armv7e-m/libc.a(lib_a-qsort.o)
 .ARM.attributes
                0x00000000000004bc       0x2e /usr/lib/gcc/arm-none-eabi/5.4.1/../../../arm-none-eabi/lib/armv7e-m/libc.a(lib_a-sbrkr.o)
 .ARM.attributes
                0x00000000000004ea       0x1c /usr/lib/gcc/arm-none-eabi/5.4.1/../../../arm-none-eabi/lib/armv7e-m/libc.a(lib_a-strlen.o)
 .ARM.attributes
                0x0000000000000506       0x2e /usr/lib/gcc/arm-none-eabi/5.4.1/../../../arm-none-eabi/lib/armv7e-m/libc.a(lib_a-vfprintf.o)
 .ARM.attributes
                0x0000000000000534       0x2e /usr/lib/gcc/arm-none-eabi/5.4.1/../../../arm-none-eabi/lib/armv7e-m/libc.a(lib_a-wsetup.o)
 .ARM.attributes
                0x0000000000000562       0x2e /usr/lib/gcc/arm-none-eabi/5.4.1/../../../arm-none-eabi/lib/armv7e-m/libc.a(lib_a-__atexit.o)
 .ARM.attributes
                0x0000000000000590       0x2e /usr/lib/gcc/arm-none-eabi/5.4.1/../../../arm-none-eabi/lib/armv7e-m/libc.a(lib_a-__call_atexit.o)
 .ARM.attributes
                0x00000000000005be       0x2e /usr/lib/gcc/arm-none-eabi/5.4.1/../../../arm-none-eabi/lib/armv7e-m/libc.a(lib_a-dtoa.o)
 .ARM.attributes
                0x00000000000005ec       0x2e /usr/lib/gcc/arm-none-eabi/5.4.1/../../../arm-none-eabi/lib/armv7e-m/libc.a(lib_a-fflush.o)
 .ARM.attributes
                0x000000000000061a       0x2e /usr/lib/gcc/arm-none-eabi/5.4.1/../../../arm-none-eabi/lib/armv7e-m/libc.a(lib_a-findfp.o)
 .ARM.attributes
                0x0000000000000648       0x2e /usr/lib/gcc/arm-none-eabi/5.4.1/../../../arm-none-eabi/lib/armv7e-m/libc.a(lib_a-freer.o)
 .ARM.attributes
                0x0000000000000676       0x2e /usr/lib/gcc/arm-none-eabi/5.4.1/../../../arm-none-eabi/lib/armv7e-m/libc.a(lib_a-fvwrite.o)
 .ARM.attributes
                0x00000000000006a4       0x2e /usr/lib/gcc/arm-none-eabi/5.4.1/../../../arm-none-eabi/lib/armv7e-m/libc.a(lib_a-fwalk.o)
 .ARM.attributes
                0x00000000000006d2       0x2e /usr/lib/gcc/arm-none-eabi/5.4.1/../../../arm-none-eabi/lib/armv7e-m/libc.a(lib_a-locale.o)
 .ARM.attributes
                0x0000000000000700       0x2e /usr/lib/gcc/arm-none-eabi/5.4.1/../../../arm-none-eabi/lib/armv7e-m/libc.a(lib_a-makebuf.o)
 .ARM.attributes
                0x000000000000072e       0x1c /usr/lib/gcc/arm-none-eabi/5.4.1/../../../arm-none-eabi/lib/armv7e-m/libc.a(lib_a-memchr.o)
 .ARM.attributes
                0x000000000000074a       0x2e /usr/lib/gcc/arm-none-eabi/5.4.1/../../../arm-none-eabi/lib/armv7e-m/libc.a(lib_a-memmove.o)
 .ARM.attributes
                0x0000000000000778       0x2e /usr/lib/gcc/arm-none-eabi/5.4.1/../../../arm-none-eabi/lib/armv7e-m/libc.a(lib_a-mprec.o)
 .ARM.attributes
                0x00000000000007a6       0x2e /usr/lib/gcc/arm-none-eabi/5.4.1/../../../arm-none-eabi/lib/armv7e-m/libc.a(lib_a-reallocr.o)
 .ARM.attributes
                0x00000000000007d4       0x2e /usr/lib/gcc/arm-none-eabi/5.4.1/../../../arm-none-eabi/lib/armv7e-m/libc.a(lib_a-reent.o)
 .ARM.attributes
                0x0000000000000802       0x2e /usr/lib/gcc/arm-none-eabi/5.4.1/../../../arm-none-eabi/lib/armv7e-m/libc.a(lib_a-stdio.o)
 .ARM.attributes
                0x0000000000000830       0x1c /usr/lib/gcc/arm-none-eabi/5.4.1/../../../arm-none-eabi/lib/armv7e-m/libc.a(lib_a-strcmp.o)
 .ARM.attributes
                0x000000000000084c       0x2e /usr/lib/gcc/arm-none-eabi/5.4.1/../../../arm-none-eabi/lib/armv7e-m/libc.a(lib_a-vfiprintf.o)
 .ARM.attributes
                0x000000000000087a       0x2e /usr/lib/gcc/arm-none-eabi/5.4.1/../../../arm-none-eabi/lib/armv7e-m/libc.a(lib_a-writer.o)
 .ARM.attributes
                0x00000000000008a8       0x2e /usr/lib/gcc/arm-none-eabi/5.4.1/../../../arm-none-eabi/lib/armv7e-m/libc.a(lib_a-callocr.o)
 .ARM.attributes
                0x00000000000008d6       0x2e /usr/lib/gcc/arm-none-eabi/5.4.1/../../../arm-none-eabi/lib/armv7e-m/libc.a(lib_a-closer.o)
 .ARM.attributes
                0x0000000000000904       0x2e /usr/lib/gcc/arm-none-eabi/5.4.1/../../../arm-none-eabi/lib/armv7e-m/libc.a(lib_a-fclose.o)
 .ARM.attributes
                0x0000000000000932       0x2e /usr/lib/gcc/arm-none-eabi/5.4.1/../../../arm-none-eabi/lib/armv7e-m/libc.a(lib_a-fputwc.o)
 .ARM.attributes
                0x0000000000000960       0x2e /usr/lib/gcc/arm-none-eabi/5.4.1/../../../arm-none-eabi/lib/armv7e-m/libc.a(lib_a-fstatr.o)
 .ARM.attributes
                0x000000000000098e       0x2e /usr/lib/gcc/arm-none-eabi/5.4.1/../../../arm-none-eabi/lib/armv7e-m/libc.a(lib_a-isattyr.o)
 .ARM.attributes
                0x00000000000009bc       0x2e /usr/lib/gcc/arm-none-eabi/5.4.1/../../../arm-none-eabi/lib/armv7e-m/libc.a(lib_a-lseekr.o)
 .ARM.attributes
                0x00000000000009ea       0x2e /usr/lib/gcc/arm-none-eabi/5.4.1/../../../arm-none-eabi/lib/armv7e-m/libc.a(lib_a-readr.o)
 .ARM.attributes
                0x0000000000000a18       0x2e /usr/lib/gcc/arm-none-eabi/5.4.1/../../../arm-none-eabi/lib/armv7e-m/libc.a(lib_a-wbuf.o)
 .ARM.attributes
                0x0000000000000a46       0x2e /usr/lib/gcc/arm-none-eabi/5.4.1/../../../arm-none-eabi/lib/armv7e-m/libc.a(lib_a-wcrtomb.o)
 .ARM.attributes
                0x0000000000000a74       0x2e /usr/lib/gcc/arm-none-eabi/5.4.1/../../../arm-none-eabi/lib/armv7e-m/libc.a(lib_a-wctomb_r.o)
 .ARM.attributes
                0x0000000000000aa2       0x1e /usr/lib/gcc/arm-none-eabi/5.4.1/armv7e-m/libgcc.a(_arm_muldivdf3.o)
 .ARM.attributes
                0x0000000000000ac0       0x1e /usr/lib/gcc/arm-none-eabi/5.4.1/armv7e-m/libgcc.a(_arm_cmpdf2.o)
 .ARM.attributes
                0x0000000000000ade       0x1e /usr/lib/gcc/arm-none-eabi/5.4.1/armv7e-m/libgcc.a(_arm_unorddf2.o)
 .ARM.attributes
                0x0000000000000afc       0x1e /usr/lib/gcc/arm-none-eabi/5.4.1/armv7e-m/libgcc.a(_arm_fixdfsi.o)
 .ARM.attributes
                0x0000000000000b1a       0x1e /usr/lib/gcc/arm-none-eabi/5.4.1/armv7e-m/libgcc.a(_aeabi_uldivmod.o)
 .ARM.attributes
                0x0000000000000b38       0x2e /usr/lib/gcc/arm-none-eabi/5.4.1/armv7e-m/libgcc.a(_udivmoddi4.o)
 .ARM.attributes
                0x0000000000000b66       0x1e /usr/lib/gcc/arm-none-eabi/5.4.1/armv7e-m/libgcc.a(_dvmd_tls.o)
 .ARM.attributes
                0x0000000000000b84       0x2e /usr/lib/gcc/arm-none-eabi/5.4.1/../../../arm-none-eabi/lib/armv7e-m/libnosys.a(close.o)
 .ARM.attributes
                0x0000000000000bb2       0x2e /usr/lib/gcc/arm-none-eabi/5.4.1/../../../arm-none-eabi/lib/armv7e-m/libnosys.a(fstat.o)
 .ARM.attributes
                0x0000000000000be0       0x2e /usr/lib/gcc/arm-none-eabi/5.4.1/../../../arm-none-eabi/lib/armv7e-m/libnosys.a(isatty.o)
 .ARM.attributes
                0x0000000000000c0e       0x2e /usr/lib/gcc/arm-none-eabi/5.4.1/../../../arm-none-eabi/lib/armv7e-m/libnosys.a(lseek.o)
 .ARM.attributes
                0x0000000000000c3c       0x2e /usr/lib/gcc/arm-none-eabi/5.4.1/../../../arm-none-eabi/lib/armv7e-m/libnosys.a(read.o)
 .ARM.attributes
                0x0000000000000c6a       0x2e /usr/lib/gcc/arm-none-eabi/5.4.1/../../../arm-none-eabi/lib/armv7e-m/libnosys.a(sbrk.o)
 .ARM.attributes
                0x0000000000000c98       0x2e /usr/lib/gcc/arm-none-eabi/5.4.1/../../../arm-none-eabi/lib/armv7e-m/libnosys.a(write.o)
 .ARM.attributes
                0x0000000000000cc6       0x2e /usr/lib/gcc/arm-none-eabi/5.4.1/../../../arm-none-eabi/lib/armv7e-m/libnosys.a(_exit.o)
 .ARM.attributes
                0x0000000000000cf4       0x2e /usr/lib/gcc/arm-none-eabi/5.4.1/armv7e-m/crtend.o
 .ARM.attributes
                0x0000000000000d22       0x1e /usr/lib/gcc/arm-none-eabi/5.4.1/armv7e-m/crtn.o

.comment        0x0000000000000000       0x2b
 .comment       0x0000000000000000       0x2b /usr/lib/gcc/arm-none-eabi/5.4.1/armv7e-m/crtbegin.o
                                         0x2c (size before relaxing)
 .comment       0x000000000000002b       0x2c ./src/course1.o
 .comment       0x000000000000002b       0x2c ./src/data.o
 .comment       0x000000000000002b       0x2c ./src/interrupts_msp432p401r_gcc.o
 .comment       0x000000000000002b       0x2c ./src/main.o
 .comment       0x000000000000002b       0x2c ./src/memory.o
 .comment       0x000000000000002b       0x2c ./src/startup_msp432p401r_gcc.o
 .comment       0x000000000000002b       0x2c ./src/stats.o
 .comment       0x000000000000002b       0x2c ./src/system_msp432p401r.o
 .comment       0x000000000000002b       0x2c /usr/lib/gcc/arm-none-eabi/5.4.1/../../../arm-none-eabi/lib/armv7e-m/libc.a(lib_a-atexit.o)
 .comment       0x000000000000002b       0x2c /usr/lib/gcc/arm-none-eabi/5.4.1/../../../arm-none-eabi/lib/armv7e-m/libc.a(lib_a-exit.o)
 .comment       0x000000000000002b       0x2c /usr/lib/gcc/arm-none-eabi/5.4.1/../../../arm-none-eabi/lib/armv7e-m/libc.a(lib_a-fini.o)
 .comment       0x000000000000002b       0x2c /usr/lib/gcc/arm-none-eabi/5.4.1/../../../arm-none-eabi/lib/armv7e-m/libc.a(lib_a-impure.o)
 .comment       0x000000000000002b       0x2c /usr/lib/gcc/arm-none-eabi/5.4.1/../../../arm-none-eabi/lib/armv7e-m/libc.a(lib_a-init.o)
 .comment       0x000000000000002b       0x2c /usr/lib/gcc/arm-none-eabi/5.4.1/../../../arm-none-eabi/lib/armv7e-m/libc.a(lib_a-malloc.o)
 .comment       0x000000000000002b       0x2c /usr/lib/gcc/arm-none-eabi/5.4.1/../../../arm-none-eabi/lib/armv7e-m/libc.a(lib_a-mallocr.o)
 .comment       0x000000000000002b       0x2c /usr/lib/gcc/arm-none-eabi/5.4.1/../../../arm-none-eabi/lib/armv7e-m/libc.a(lib_a-memset.o)
 .comment       0x000000000000002b       0x2c /usr/lib/gcc/arm-none-eabi/5.4.1/../../../arm-none-eabi/lib/armv7e-m/libc.a(lib_a-mlock.o)
 .comment       0x000000000000002b       0x2c /usr/lib/gcc/arm-none-eabi/5.4.1/../../../arm-none-eabi/lib/armv7e-m/libc.a(lib_a-printf.o)
 .comment       0x000000000000002b       0x2c /usr/lib/gcc/arm-none-eabi/5.4.1/../../../arm-none-eabi/lib/armv7e-m/libc.a(lib_a-puts.o)
 .comment       0x000000000000002b       0x2c /usr/lib/gcc/arm-none-eabi/5.4.1/../../../arm-none-eabi/lib/armv7e-m/libc.a(lib_a-qsort.o)
 .comment       0x000000000000002b       0x2c /usr/lib/gcc/arm-none-eabi/5.4.1/../../../arm-none-eabi/lib/armv7e-m/libc.a(lib_a-sbrkr.o)
 .comment       0x000000000000002b       0x2c /usr/lib/gcc/arm-none-eabi/5.4.1/../../../arm-none-eabi/lib/armv7e-m/libc.a(lib_a-vfprintf.o)
 .comment       0x000000000000002b       0x2c /usr/lib/gcc/arm-none-eabi/5.4.1/../../../arm-none-eabi/lib/armv7e-m/libc.a(lib_a-wsetup.o)
 .comment       0x000000000000002b       0x2c /usr/lib/gcc/arm-none-eabi/5.4.1/../../../arm-none-eabi/lib/armv7e-m/libc.a(lib_a-__atexit.o)
 .comment       0x000000000000002b       0x2c /usr/lib/gcc/arm-none-eabi/5.4.1/../../../arm-none-eabi/lib/armv7e-m/libc.a(lib_a-__call_atexit.o)
 .comment       0x000000000000002b       0x2c /usr/lib/gcc/arm-none-eabi/5.4.1/../../../arm-none-eabi/lib/armv7e-m/libc.a(lib_a-dtoa.o)
 .comment       0x000000000000002b       0x2c /usr/lib/gcc/arm-none-eabi/5.4.1/../../../arm-none-eabi/lib/armv7e-m/libc.a(lib_a-fflush.o)
 .comment       0x000000000000002b       0x2c /usr/lib/gcc/arm-none-eabi/5.4.1/../../../arm-none-eabi/lib/armv7e-m/libc.a(lib_a-findfp.o)
 .comment       0x000000000000002b       0x2c /usr/lib/gcc/arm-none-eabi/5.4.1/../../../arm-none-eabi/lib/armv7e-m/libc.a(lib_a-freer.o)
 .comment       0x000000000000002b       0x2c /usr/lib/gcc/arm-none-eabi/5.4.1/../../../arm-none-eabi/lib/armv7e-m/libc.a(lib_a-fvwrite.o)
 .comment       0x000000000000002b       0x2c /usr/lib/gcc/arm-none-eabi/5.4.1/../../../arm-none-eabi/lib/armv7e-m/libc.a(lib_a-fwalk.o)
 .comment       0x000000000000002b       0x2c /usr/lib/gcc/arm-none-eabi/5.4.1/../../../arm-none-eabi/lib/armv7e-m/libc.a(lib_a-locale.o)
 .comment       0x000000000000002b       0x2c /usr/lib/gcc/arm-none-eabi/5.4.1/../../../arm-none-eabi/lib/armv7e-m/libc.a(lib_a-makebuf.o)
 .comment       0x000000000000002b       0x2c /usr/lib/gcc/arm-none-eabi/5.4.1/../../../arm-none-eabi/lib/armv7e-m/libc.a(lib_a-memmove.o)
 .comment       0x000000000000002b       0x2c /usr/lib/gcc/arm-none-eabi/5.4.1/../../../arm-none-eabi/lib/armv7e-m/libc.a(lib_a-mprec.o)
 .comment       0x000000000000002b       0x2c /usr/lib/gcc/arm-none-eabi/5.4.1/../../../arm-none-eabi/lib/armv7e-m/libc.a(lib_a-reallocr.o)
 .comment       0x000000000000002b       0x2c /usr/lib/gcc/arm-none-eabi/5.4.1/../../../arm-none-eabi/lib/armv7e-m/libc.a(lib_a-reent.o)
 .comment       0x000000000000002b       0x2c /usr/lib/gcc/arm-none-eabi/5.4.1/../../../arm-none-eabi/lib/armv7e-m/libc.a(lib_a-stdio.o)
 .comment       0x000000000000002b       0x2c /usr/lib/gcc/arm-none-eabi/5.4.1/../../../arm-none-eabi/lib/armv7e-m/libc.a(lib_a-vfiprintf.o)
 .comment       0x000000000000002b       0x2c /usr/lib/gcc/arm-none-eabi/5.4.1/../../../arm-none-eabi/lib/armv7e-m/libc.a(lib_a-writer.o)
 .comment       0x000000000000002b       0x2c /usr/lib/gcc/arm-none-eabi/5.4.1/../../../arm-none-eabi/lib/armv7e-m/libc.a(lib_a-callocr.o)
 .comment       0x000000000000002b       0x2c /usr/lib/gcc/arm-none-eabi/5.4.1/../../../arm-none-eabi/lib/armv7e-m/libc.a(lib_a-closer.o)
 .comment       0x000000000000002b       0x2c /usr/lib/gcc/arm-none-eabi/5.4.1/../../../arm-none-eabi/lib/armv7e-m/libc.a(lib_a-fclose.o)
 .comment       0x000000000000002b       0x2c /usr/lib/gcc/arm-none-eabi/5.4.1/../../../arm-none-eabi/lib/armv7e-m/libc.a(lib_a-fputwc.o)
 .comment       0x000000000000002b       0x2c /usr/lib/gcc/arm-none-eabi/5.4.1/../../../arm-none-eabi/lib/armv7e-m/libc.a(lib_a-fstatr.o)
 .comment       0x000000000000002b       0x2c /usr/lib/gcc/arm-none-eabi/5.4.1/../../../arm-none-eabi/lib/armv7e-m/libc.a(lib_a-isattyr.o)
 .comment       0x000000000000002b       0x2c /usr/lib/gcc/arm-none-eabi/5.4.1/../../../arm-none-eabi/lib/armv7e-m/libc.a(lib_a-lseekr.o)
 .comment       0x000000000000002b       0x2c /usr/lib/gcc/arm-none-eabi/5.4.1/../../../arm-none-eabi/lib/armv7e-m/libc.a(lib_a-readr.o)
 .comment       0x000000000000002b       0x2c /usr/lib/gcc/arm-none-eabi/5.4.1/../../../arm-none-eabi/lib/armv7e-m/libc.a(lib_a-wbuf.o)
 .comment       0x000000000000002b       0x2c /usr/lib/gcc/arm-none-eabi/5.4.1/../../../arm-none-eabi/lib/armv7e-m/libc.a(lib_a-wcrtomb.o)
 .comment       0x000000000000002b       0x2c /usr/lib/gcc/arm-none-eabi/5.4.1/../../../arm-none-eabi/lib/armv7e-m/libc.a(lib_a-wctomb_r.o)
 .comment       0x000000000000002b       0x2c /usr/lib/gcc/arm-none-eabi/5.4.1/armv7e-m/libgcc.a(_udivmoddi4.o)
 .comment       0x000000000000002b       0x2c /usr/lib/gcc/arm-none-eabi/5.4.1/../../../arm-none-eabi/lib/armv7e-m/libnosys.a(close.o)
 .comment       0x000000000000002b       0x2c /usr/lib/gcc/arm-none-eabi/5.4.1/../../../arm-none-eabi/lib/armv7e-m/libnosys.a(fstat.o)
 .comment       0x000000000000002b       0x2c /usr/lib/gcc/arm-none-eabi/5.4.1/../../../arm-none-eabi/lib/armv7e-m/libnosys.a(isatty.o)
 .comment       0x000000000000002b       0x2c /usr/lib/gcc/arm-none-eabi/5.4.1/../../../arm-none-eabi/lib/armv7e-m/libnosys.a(lseek.o)
 .comment       0x000000000000002b       0x2c /usr/lib/gcc/arm-none-eabi/5.4.1/../../../arm-none-eabi/lib/armv7e-m/libnosys.a(read.o)
 .comment       0x000000000000002b       0x2c /usr/lib/gcc/arm-none-eabi/5.4.1/../../../arm-none-eabi/lib/armv7e-m/libnosys.a(sbrk.o)
 .comment       0x000000000000002b       0x2c /usr/lib/gcc/arm-none-eabi/5.4.1/../../../arm-none-eabi/lib/armv7e-m/libnosys.a(write.o)
 .comment       0x000000000000002b       0x2c /usr/lib/gcc/arm-none-eabi/5.4.1/../../../arm-none-eabi/lib/armv7e-m/libnosys.a(_exit.o)
 .comment       0x000000000000002b       0x2c /usr/lib/gcc/arm-none-eabi/5.4.1/armv7e-m/crtend.o

.debug_line     0x0000000000000000     0x6e56
 .debug_line    0x0000000000000000       0x7b /usr/lib/gcc/arm-none-eabi/5.4.1/../../../arm-none-eabi/lib/armv7e-m/crt0.o
 .debug_line    0x000000000000007b      0x176 /usr/lib/gcc/arm-none-eabi/5.4.1/armv7e-m/libgcc.a(_arm_addsubdf3.o)
 .debug_line    0x00000000000001f1      0x117 /usr/lib/gcc/arm-none-eabi/5.4.1/armv7e-m/libgcc.a(_arm_addsubsf3.o)
 .debug_line    0x0000000000000308      0x13a /usr/lib/gcc/arm-none-eabi/5.4.1/armv7e-m/libgcc.a(_arm_muldivsf3.o)
 .debug_line    0x0000000000000442       0x73 /usr/lib/gcc/arm-none-eabi/5.4.1/armv7e-m/libgcc.a(_arm_fixunssfsi.o)
 .debug_line    0x00000000000004b5       0xb5 /usr/lib/gcc/arm-none-eabi/5.4.1/../../../arm-none-eabi/lib/armv7e-m/libc.a(lib_a-atexit.o)
 .debug_line    0x000000000000056a      0x15f /usr/lib/gcc/arm-none-eabi/5.4.1/../../../arm-none-eabi/lib/armv7e-m/libc.a(lib_a-exit.o)
 .debug_line    0x00000000000006c9       0x9c /usr/lib/gcc/arm-none-eabi/5.4.1/../../../arm-none-eabi/lib/armv7e-m/libc.a(lib_a-fini.o)
 .debug_line    0x0000000000000765       0xe6 /usr/lib/gcc/arm-none-eabi/5.4.1/../../../arm-none-eabi/lib/armv7e-m/libc.a(lib_a-impure.o)
 .debug_line    0x000000000000084b       0xb5 /usr/lib/gcc/arm-none-eabi/5.4.1/../../../arm-none-eabi/lib/armv7e-m/libc.a(lib_a-init.o)
 .debug_line    0x0000000000000900      0x145 /usr/lib/gcc/arm-none-eabi/5.4.1/../../../arm-none-eabi/lib/armv7e-m/libc.a(lib_a-malloc.o)
 .debug_line    0x0000000000000a45      0x36d /usr/lib/gcc/arm-none-eabi/5.4.1/../../../arm-none-eabi/lib/armv7e-m/libc.a(lib_a-mallocr.o)
 .debug_line    0x0000000000000db2       0xb8 /usr/lib/gcc/arm-none-eabi/5.4.1/../../../arm-none-eabi/lib/armv7e-m/libc.a(lib_a-memcpy.o)
 .debug_line    0x0000000000000e6a      0x10e /usr/lib/gcc/arm-none-eabi/5.4.1/../../../arm-none-eabi/lib/armv7e-m/libc.a(lib_a-memset.o)
 .debug_line    0x0000000000000f78       0xf5 /usr/lib/gcc/arm-none-eabi/5.4.1/../../../arm-none-eabi/lib/armv7e-m/libc.a(lib_a-mlock.o)
 .debug_line    0x000000000000106d      0x16d /usr/lib/gcc/arm-none-eabi/5.4.1/../../../arm-none-eabi/lib/armv7e-m/libc.a(lib_a-printf.o)
 .debug_line    0x00000000000011da      0x194 /usr/lib/gcc/arm-none-eabi/5.4.1/../../../arm-none-eabi/lib/armv7e-m/libc.a(lib_a-puts.o)
 .debug_line    0x000000000000136e      0x2cf /usr/lib/gcc/arm-none-eabi/5.4.1/../../../arm-none-eabi/lib/armv7e-m/libc.a(lib_a-qsort.o)
 .debug_line    0x000000000000163d      0x14b /usr/lib/gcc/arm-none-eabi/5.4.1/../../../arm-none-eabi/lib/armv7e-m/libc.a(lib_a-sbrkr.o)
 .debug_line    0x0000000000001788       0xa9 /usr/lib/gcc/arm-none-eabi/5.4.1/../../../arm-none-eabi/lib/armv7e-m/libc.a(lib_a-strlen.o)
 .debug_line    0x0000000000001831      0xac4 /usr/lib/gcc/arm-none-eabi/5.4.1/../../../arm-none-eabi/lib/armv7e-m/libc.a(lib_a-vfprintf.o)
 .debug_line    0x00000000000022f5      0x1a6 /usr/lib/gcc/arm-none-eabi/5.4.1/../../../arm-none-eabi/lib/armv7e-m/libc.a(lib_a-wsetup.o)
 .debug_line    0x000000000000249b      0x181 /usr/lib/gcc/arm-none-eabi/5.4.1/../../../arm-none-eabi/lib/armv7e-m/libc.a(lib_a-__atexit.o)
 .debug_line    0x000000000000261c      0x1ad /usr/lib/gcc/arm-none-eabi/5.4.1/../../../arm-none-eabi/lib/armv7e-m/libc.a(lib_a-__call_atexit.o)
 .debug_line    0x00000000000027c9      0x691 /usr/lib/gcc/arm-none-eabi/5.4.1/../../../arm-none-eabi/lib/armv7e-m/libc.a(lib_a-dtoa.o)
 .debug_line    0x0000000000002e5a      0x21b /usr/lib/gcc/arm-none-eabi/5.4.1/../../../arm-none-eabi/lib/armv7e-m/libc.a(lib_a-fflush.o)
 .debug_line    0x0000000000003075      0x252 /usr/lib/gcc/arm-none-eabi/5.4.1/../../../arm-none-eabi/lib/armv7e-m/libc.a(lib_a-findfp.o)
 .debug_line    0x00000000000032c7      0x24d /usr/lib/gcc/arm-none-eabi/5.4.1/../../../arm-none-eabi/lib/armv7e-m/libc.a(lib_a-freer.o)
 .debug_line    0x0000000000003514      0x2b0 /usr/lib/gcc/arm-none-eabi/5.4.1/../../../arm-none-eabi/lib/armv7e-m/libc.a(lib_a-fvwrite.o)
 .debug_line    0x00000000000037c4      0x193 /usr/lib/gcc/arm-none-eabi/5.4.1/../../../arm-none-eabi/lib/armv7e-m/libc.a(lib_a-fwalk.o)
 .debug_line    0x0000000000003957      0x187 /usr/lib/gcc/arm-none-eabi/5.4.1/../../../arm-none-eabi/lib/armv7e-m/libc.a(lib_a-locale.o)
 .debug_line    0x0000000000003ade      0x241 /usr/lib/gcc/arm-none-eabi/5.4.1/../../../arm-none-eabi/lib/armv7e-m/libc.a(lib_a-makebuf.o)
 .debug_line    0x0000000000003d1f       0x9e /usr/lib/gcc/arm-none-eabi/5.4.1/../../../arm-none-eabi/lib/armv7e-m/libc.a(lib_a-memchr.o)
 .debug_line    0x0000000000003dbd      0x114 /usr/lib/gcc/arm-none-eabi/5.4.1/../../../arm-none-eabi/lib/armv7e-m/libc.a(lib_a-memmove.o)
 .debug_line    0x0000000000003ed1      0x5b1 /usr/lib/gcc/arm-none-eabi/5.4.1/../../../arm-none-eabi/lib/armv7e-m/libc.a(lib_a-mprec.o)
 .debug_line    0x0000000000004482      0x292 /usr/lib/gcc/arm-none-eabi/5.4.1/../../../arm-none-eabi/lib/armv7e-m/libc.a(lib_a-reallocr.o)
 .debug_line    0x0000000000004714      0x176 /usr/lib/gcc/arm-none-eabi/5.4.1/../../../arm-none-eabi/lib/armv7e-m/libc.a(lib_a-reent.o)
 .debug_line    0x000000000000488a      0x185 /usr/lib/gcc/arm-none-eabi/5.4.1/../../../arm-none-eabi/lib/armv7e-m/libc.a(lib_a-stdio.o)
 .debug_line    0x0000000000004a0f      0x131 /usr/lib/gcc/arm-none-eabi/5.4.1/../../../arm-none-eabi/lib/armv7e-m/libc.a(lib_a-strcmp.o)
 .debug_line    0x0000000000004b40      0x875 /usr/lib/gcc/arm-none-eabi/5.4.1/../../../arm-none-eabi/lib/armv7e-m/libc.a(lib_a-vfiprintf.o)
 .debug_line    0x00000000000053b5      0x14e /usr/lib/gcc/arm-none-eabi/5.4.1/../../../arm-none-eabi/lib/armv7e-m/libc.a(lib_a-writer.o)
 .debug_line    0x0000000000005503      0x121 /usr/lib/gcc/arm-none-eabi/5.4.1/../../../arm-none-eabi/lib/armv7e-m/libc.a(lib_a-callocr.o)
 .debug_line    0x0000000000005624      0x14c /usr/lib/gcc/arm-none-eabi/5.4.1/../../../arm-none-eabi/lib/armv7e-m/libc.a(lib_a-closer.o)
 .debug_line    0x0000000000005770      0x189 /usr/lib/gcc/arm-none-eabi/5.4.1/../../../arm-none-eabi/lib/armv7e-m/libc.a(lib_a-fclose.o)
 .debug_line    0x00000000000058f9      0x1df /usr/lib/gcc/arm-none-eabi/5.4.1/../../../arm-none-eabi/lib/armv7e-m/libc.a(lib_a-fputwc.o)
 .debug_line    0x0000000000005ad8      0x1cb /usr/lib/gcc/arm-none-eabi/5.4.1/../../../arm-none-eabi/lib/armv7e-m/libc.a(lib_a-fstatr.o)
 .debug_line    0x0000000000005ca3      0x14d /usr/lib/gcc/arm-none-eabi/5.4.1/../../../arm-none-eabi/lib/armv7e-m/libc.a(lib_a-isattyr.o)
 .debug_line    0x0000000000005df0      0x14e /usr/lib/gcc/arm-none-eabi/5.4.1/../../../arm-none-eabi/lib/armv7e-m/libc.a(lib_a-lseekr.o)
 .debug_line    0x0000000000005f3e      0x14d /usr/lib/gcc/arm-none-eabi/5.4.1/../../../arm-none-eabi/lib/armv7e-m/libc.a(lib_a-readr.o)
 .debug_line    0x000000000000608b      0x1be /usr/lib/gcc/arm-none-eabi/5.4.1/../../../arm-none-eabi/lib/armv7e-m/libc.a(lib_a-wbuf.o)
 .debug_line    0x0000000000006249      0x16e /usr/lib/gcc/arm-none-eabi/5.4.1/../../../arm-none-eabi/lib/armv7e-m/libc.a(lib_a-wcrtomb.o)
 .debug_line    0x00000000000063b7      0x16f /usr/lib/gcc/arm-none-eabi/5.4.1/../../../arm-none-eabi/lib/armv7e-m/libc.a(lib_a-wctomb_r.o)
 .debug_line    0x0000000000006526      0x19a /usr/lib/gcc/arm-none-eabi/5.4.1/armv7e-m/libgcc.a(_arm_muldivdf3.o)
 .debug_line    0x00000000000066c0       0xb7 /usr/lib/gcc/arm-none-eabi/5.4.1/armv7e-m/libgcc.a(_arm_cmpdf2.o)
 .debug_line    0x0000000000006777       0x6c /usr/lib/gcc/arm-none-eabi/5.4.1/armv7e-m/libgcc.a(_arm_unorddf2.o)
 .debug_line    0x00000000000067e3       0x77 /usr/lib/gcc/arm-none-eabi/5.4.1/armv7e-m/libgcc.a(_arm_fixdfsi.o)
 .debug_line    0x000000000000685a       0x5e /usr/lib/gcc/arm-none-eabi/5.4.1/armv7e-m/libgcc.a(_aeabi_uldivmod.o)
 .debug_line    0x00000000000068b8      0x1a7 /usr/lib/gcc/arm-none-eabi/5.4.1/armv7e-m/libgcc.a(_udivmoddi4.o)
 .debug_line    0x0000000000006a5f       0x5e /usr/lib/gcc/arm-none-eabi/5.4.1/armv7e-m/libgcc.a(_dvmd_tls.o)
 .debug_line    0x0000000000006abd       0x5a /usr/lib/gcc/arm-none-eabi/5.4.1/../../../arm-none-eabi/lib/armv7e-m/libnosys.a(close.o)
 .debug_line    0x0000000000006b17      0x127 /usr/lib/gcc/arm-none-eabi/5.4.1/../../../arm-none-eabi/lib/armv7e-m/libnosys.a(fstat.o)
 .debug_line    0x0000000000006c3e       0x5b /usr/lib/gcc/arm-none-eabi/5.4.1/../../../arm-none-eabi/lib/armv7e-m/libnosys.a(isatty.o)
 .debug_line    0x0000000000006c99       0x5a /usr/lib/gcc/arm-none-eabi/5.4.1/../../../arm-none-eabi/lib/armv7e-m/libnosys.a(lseek.o)
 .debug_line    0x0000000000006cf3       0x59 /usr/lib/gcc/arm-none-eabi/5.4.1/../../../arm-none-eabi/lib/armv7e-m/libnosys.a(read.o)
 .debug_line    0x0000000000006d4c       0x58 /usr/lib/gcc/arm-none-eabi/5.4.1/../../../arm-none-eabi/lib/armv7e-m/libnosys.a(sbrk.o)
 .debug_line    0x0000000000006da4       0x5a /usr/lib/gcc/arm-none-eabi/5.4.1/../../../arm-none-eabi/lib/armv7e-m/libnosys.a(write.o)
 .debug_line    0x0000000000006dfe       0x58 /usr/lib/gcc/arm-none-eabi/5.4.1/../../../arm-none-eabi/lib/armv7e-m/libnosys.a(_exit.o)

.debug_info     0x0000000000000000    0x1cf02
 .debug_info    0x0000000000000000       0x9e /usr/lib/gcc/arm-none-eabi/5.4.1/../../../arm-none-eabi/lib/armv7e-m/crt0.o
 .debug_info    0x000000000000009e       0xbb /usr/lib/gcc/arm-none-eabi/5.4.1/armv7e-m/libgcc.a(_arm_addsubdf3.o)
 .debug_info    0x0000000000000159       0xbb /usr/lib/gcc/arm-none-eabi/5.4.1/armv7e-m/libgcc.a(_arm_addsubsf3.o)
 .debug_info    0x0000000000000214       0xbb /usr/lib/gcc/arm-none-eabi/5.4.1/armv7e-m/libgcc.a(_arm_muldivsf3.o)
 .debug_info    0x00000000000002cf       0xbb /usr/lib/gcc/arm-none-eabi/5.4.1/armv7e-m/libgcc.a(_arm_fixunssfsi.o)
 .debug_info    0x000000000000038a       0xfe /usr/lib/gcc/arm-none-eabi/5.4.1/../../../arm-none-eabi/lib/armv7e-m/libc.a(lib_a-atexit.o)
 .debug_info    0x0000000000000488      0x8de /usr/lib/gcc/arm-none-eabi/5.4.1/../../../arm-none-eabi/lib/armv7e-m/libc.a(lib_a-exit.o)
 .debug_info    0x0000000000000d66       0xfa /usr/lib/gcc/arm-none-eabi/5.4.1/../../../arm-none-eabi/lib/armv7e-m/libc.a(lib_a-fini.o)
 .debug_info    0x0000000000000e60      0x89b /usr/lib/gcc/arm-none-eabi/5.4.1/../../../arm-none-eabi/lib/armv7e-m/libc.a(lib_a-impure.o)
 .debug_info    0x00000000000016fb      0x110 /usr/lib/gcc/arm-none-eabi/5.4.1/../../../arm-none-eabi/lib/armv7e-m/libc.a(lib_a-init.o)
 .debug_info    0x000000000000180b      0x906 /usr/lib/gcc/arm-none-eabi/5.4.1/../../../arm-none-eabi/lib/armv7e-m/libc.a(lib_a-malloc.o)
 .debug_info    0x0000000000002111      0xd61 /usr/lib/gcc/arm-none-eabi/5.4.1/../../../arm-none-eabi/lib/armv7e-m/libc.a(lib_a-mallocr.o)
 .debug_info    0x0000000000002e72       0xc3 /usr/lib/gcc/arm-none-eabi/5.4.1/../../../arm-none-eabi/lib/armv7e-m/libc.a(lib_a-memcpy.o)
 .debug_info    0x0000000000002f35      0x11e /usr/lib/gcc/arm-none-eabi/5.4.1/../../../arm-none-eabi/lib/armv7e-m/libc.a(lib_a-memset.o)
 .debug_info    0x0000000000003053      0x8a8 /usr/lib/gcc/arm-none-eabi/5.4.1/../../../arm-none-eabi/lib/armv7e-m/libc.a(lib_a-mlock.o)
 .debug_info    0x00000000000038fb      0x98d /usr/lib/gcc/arm-none-eabi/5.4.1/../../../arm-none-eabi/lib/armv7e-m/libc.a(lib_a-printf.o)
 .debug_info    0x0000000000004288      0xa2b /usr/lib/gcc/arm-none-eabi/5.4.1/../../../arm-none-eabi/lib/armv7e-m/libc.a(lib_a-puts.o)
 .debug_info    0x0000000000004cb3      0xcd5 /usr/lib/gcc/arm-none-eabi/5.4.1/../../../arm-none-eabi/lib/armv7e-m/libc.a(lib_a-qsort.o)
 .debug_info    0x0000000000005988      0x8f5 /usr/lib/gcc/arm-none-eabi/5.4.1/../../../arm-none-eabi/lib/armv7e-m/libc.a(lib_a-sbrkr.o)
 .debug_info    0x000000000000627d       0xc2 /usr/lib/gcc/arm-none-eabi/5.4.1/../../../arm-none-eabi/lib/armv7e-m/libc.a(lib_a-strlen.o)
 .debug_info    0x000000000000633f     0x16af /usr/lib/gcc/arm-none-eabi/5.4.1/../../../arm-none-eabi/lib/armv7e-m/libc.a(lib_a-vfprintf.o)
 .debug_info    0x00000000000079ee      0x92b /usr/lib/gcc/arm-none-eabi/5.4.1/../../../arm-none-eabi/lib/armv7e-m/libc.a(lib_a-wsetup.o)
 .debug_info    0x0000000000008319      0x92e /usr/lib/gcc/arm-none-eabi/5.4.1/../../../arm-none-eabi/lib/armv7e-m/libc.a(lib_a-__atexit.o)
 .debug_info    0x0000000000008c47      0x9a5 /usr/lib/gcc/arm-none-eabi/5.4.1/../../../arm-none-eabi/lib/armv7e-m/libc.a(lib_a-__call_atexit.o)
 .debug_info    0x00000000000095ec     0x124f /usr/lib/gcc/arm-none-eabi/5.4.1/../../../arm-none-eabi/lib/armv7e-m/libc.a(lib_a-dtoa.o)
 .debug_info    0x000000000000a83b      0xa85 /usr/lib/gcc/arm-none-eabi/5.4.1/../../../arm-none-eabi/lib/armv7e-m/libc.a(lib_a-fflush.o)
 .debug_info    0x000000000000b2c0      0xd41 /usr/lib/gcc/arm-none-eabi/5.4.1/../../../arm-none-eabi/lib/armv7e-m/libc.a(lib_a-findfp.o)
 .debug_info    0x000000000000c001      0xc01 /usr/lib/gcc/arm-none-eabi/5.4.1/../../../arm-none-eabi/lib/armv7e-m/libc.a(lib_a-freer.o)
 .debug_info    0x000000000000cc02      0xbf0 /usr/lib/gcc/arm-none-eabi/5.4.1/../../../arm-none-eabi/lib/armv7e-m/libc.a(lib_a-fvwrite.o)
 .debug_info    0x000000000000d7f2      0x9a5 /usr/lib/gcc/arm-none-eabi/5.4.1/../../../arm-none-eabi/lib/armv7e-m/libc.a(lib_a-fwalk.o)
 .debug_info    0x000000000000e197      0xc1c /usr/lib/gcc/arm-none-eabi/5.4.1/../../../arm-none-eabi/lib/armv7e-m/libc.a(lib_a-locale.o)
 .debug_info    0x000000000000edb3      0xc1c /usr/lib/gcc/arm-none-eabi/5.4.1/../../../arm-none-eabi/lib/armv7e-m/libc.a(lib_a-makebuf.o)
 .debug_info    0x000000000000f9cf       0xbc /usr/lib/gcc/arm-none-eabi/5.4.1/../../../arm-none-eabi/lib/armv7e-m/libc.a(lib_a-memchr.o)
 .debug_info    0x000000000000fa8b      0x138 /usr/lib/gcc/arm-none-eabi/5.4.1/../../../arm-none-eabi/lib/armv7e-m/libc.a(lib_a-memmove.o)
 .debug_info    0x000000000000fbc3     0x16b9 /usr/lib/gcc/arm-none-eabi/5.4.1/../../../arm-none-eabi/lib/armv7e-m/libc.a(lib_a-mprec.o)
 .debug_info    0x000000000001127c      0xc86 /usr/lib/gcc/arm-none-eabi/5.4.1/../../../arm-none-eabi/lib/armv7e-m/libc.a(lib_a-reallocr.o)
 .debug_info    0x0000000000011f02      0x9fc /usr/lib/gcc/arm-none-eabi/5.4.1/../../../arm-none-eabi/lib/armv7e-m/libc.a(lib_a-reent.o)
 .debug_info    0x00000000000128fe      0xb29 /usr/lib/gcc/arm-none-eabi/5.4.1/../../../arm-none-eabi/lib/armv7e-m/libc.a(lib_a-stdio.o)
 .debug_info    0x0000000000013427       0xc2 /usr/lib/gcc/arm-none-eabi/5.4.1/../../../arm-none-eabi/lib/armv7e-m/libc.a(lib_a-strcmp.o)
 .debug_info    0x00000000000134e9     0x14bc /usr/lib/gcc/arm-none-eabi/5.4.1/../../../arm-none-eabi/lib/armv7e-m/libc.a(lib_a-vfiprintf.o)
 .debug_info    0x00000000000149a5      0x933 /usr/lib/gcc/arm-none-eabi/5.4.1/../../../arm-none-eabi/lib/armv7e-m/libc.a(lib_a-writer.o)
 .debug_info    0x00000000000152d8      0x9c8 /usr/lib/gcc/arm-none-eabi/5.4.1/../../../arm-none-eabi/lib/armv7e-m/libc.a(lib_a-callocr.o)
 .debug_info    0x0000000000015ca0      0x8eb /usr/lib/gcc/arm-none-eabi/5.4.1/../../../arm-none-eabi/lib/armv7e-m/libc.a(lib_a-closer.o)
 .debug_info    0x000000000001658b      0xa18 /usr/lib/gcc/arm-none-eabi/5.4.1/../../../arm-none-eabi/lib/armv7e-m/libc.a(lib_a-fclose.o)
 .debug_info    0x0000000000016fa3      0xb32 /usr/lib/gcc/arm-none-eabi/5.4.1/../../../arm-none-eabi/lib/armv7e-m/libc.a(lib_a-fputwc.o)
 .debug_info    0x0000000000017ad5      0xacc /usr/lib/gcc/arm-none-eabi/5.4.1/../../../arm-none-eabi/lib/armv7e-m/libc.a(lib_a-fstatr.o)
 .debug_info    0x00000000000185a1      0x8eb /usr/lib/gcc/arm-none-eabi/5.4.1/../../../arm-none-eabi/lib/armv7e-m/libc.a(lib_a-isattyr.o)
 .debug_info    0x0000000000018e8c      0x916 /usr/lib/gcc/arm-none-eabi/5.4.1/../../../arm-none-eabi/lib/armv7e-m/libc.a(lib_a-lseekr.o)
 .debug_info    0x00000000000197a2      0x92c /usr/lib/gcc/arm-none-eabi/5.4.1/../../../arm-none-eabi/lib/armv7e-m/libc.a(lib_a-readr.o)
 .debug_info    0x000000000001a0ce      0x9b3 /usr/lib/gcc/arm-none-eabi/5.4.1/../../../arm-none-eabi/lib/armv7e-m/libc.a(lib_a-wbuf.o)
 .debug_info    0x000000000001aa81      0xa86 /usr/lib/gcc/arm-none-eabi/5.4.1/../../../arm-none-eabi/lib/armv7e-m/libc.a(lib_a-wcrtomb.o)
 .debug_info    0x000000000001b507      0x9bc /usr/lib/gcc/arm-none-eabi/5.4.1/../../../arm-none-eabi/lib/armv7e-m/libc.a(lib_a-wctomb_r.o)
 .debug_info    0x000000000001bec3       0xbb /usr/lib/gcc/arm-none-eabi/5.4.1/armv7e-m/libgcc.a(_arm_muldivdf3.o)
 .debug_info    0x000000000001bf7e       0xbb /usr/lib/gcc/arm-none-eabi/5.4.1/armv7e-m/libgcc.a(_arm_cmpdf2.o)
 .debug_info    0x000000000001c039       0xbb /usr/lib/gcc/arm-none-eabi/5.4.1/armv7e-m/libgcc.a(_arm_unorddf2.o)
 .debug_info    0x000000000001c0f4       0xbb /usr/lib/gcc/arm-none-eabi/5.4.1/armv7e-m/libgcc.a(_arm_fixdfsi.o)
 .debug_info    0x000000000001c1af       0xb6 /usr/lib/gcc/arm-none-eabi/5.4.1/armv7e-m/libgcc.a(_aeabi_uldivmod.o)
 .debug_info    0x000000000001c265      0x42c /usr/lib/gcc/arm-none-eabi/5.4.1/armv7e-m/libgcc.a(_udivmoddi4.o)
 .debug_info    0x000000000001c691       0xba /usr/lib/gcc/arm-none-eabi/5.4.1/armv7e-m/libgcc.a(_dvmd_tls.o)
 .debug_info    0x000000000001c74b       0xb5 /usr/lib/gcc/arm-none-eabi/5.4.1/../../../arm-none-eabi/lib/armv7e-m/libnosys.a(close.o)
 .debug_info    0x000000000001c800      0x297 /usr/lib/gcc/arm-none-eabi/5.4.1/../../../arm-none-eabi/lib/armv7e-m/libnosys.a(fstat.o)
 .debug_info    0x000000000001ca97       0xb5 /usr/lib/gcc/arm-none-eabi/5.4.1/../../../arm-none-eabi/lib/armv7e-m/libnosys.a(isatty.o)
 .debug_info    0x000000000001cb4c       0xd1 /usr/lib/gcc/arm-none-eabi/5.4.1/../../../arm-none-eabi/lib/armv7e-m/libnosys.a(lseek.o)
 .debug_info    0x000000000001cc1d       0xd7 /usr/lib/gcc/arm-none-eabi/5.4.1/../../../arm-none-eabi/lib/armv7e-m/libnosys.a(read.o)
 .debug_info    0x000000000001ccf4       0x9d /usr/lib/gcc/arm-none-eabi/5.4.1/../../../arm-none-eabi/lib/armv7e-m/libnosys.a(sbrk.o)
 .debug_info    0x000000000001cd91       0xd7 /usr/lib/gcc/arm-none-eabi/5.4.1/../../../arm-none-eabi/lib/armv7e-m/libnosys.a(write.o)